2026-09-08 18:11:43,820 INFO:main.py:246:print_splash_screen:PDB2PQR v3.7.1: biomolecular structure conversion software.
2026-09-08 18:11:43,820 INFO:main.py:248:print_splash_screen:Please cite:  Jurrus E, et al.  Improvements to the APBS biomolecular solvation software suite.  Protein Sci 27 112-128 (2018).
2026-09-08 18:11:43,820 INFO:main.py:248:print_splash_screen:Please cite:  Dolinsky TJ, et al.  PDB2PQR: expanding and upgrading automated preparation of biomolecular structures for molecular simulations. Nucleic Acids Res 35 W522-W525 (2007).
2026-09-08 18:11:43,821 INFO:main.py:770:main_driver:Checking and transforming input arguments.
2026-09-08 18:11:43,854 INFO:main.py:774:main_driver:Loading topology files.
2026-09-08 18:11:43,879 INFO:main.py:776:main_driver:Loading molecule: /mnt/c/Users/USER/Desktop/schizochytrium-hs6-genomics/results/lysis_enzymes/structures/endolysin_T4.pdb
2026-09-08 18:11:43,881 ERROR:pdb.py:2587:read_pdb:Error parsing line: 'PARENT'
2026-09-08 18:11:43,882 ERROR:pdb.py:2588:read_pdb:<PARENT N/A>
2026-09-08 18:11:43,882 ERROR:pdb.py:2589:read_pdb:Truncating remaining errors for record type:PARENT
2026-09-08 18:11:43,887 WARNING:io.py:474:get_molecule:Warning: /mnt/c/Users/USER/Desktop/schizochytrium-hs6-genomics/results/lysis_enzymes/structures/endolysin_T4.pdb is a non-standard PDB file.

2026-09-08 18:11:43,887 ERROR:io.py:475:get_molecule:['PARENT']
2026-09-08 18:11:43,887 INFO:main.py:781:main_driver:Setting up molecule.
2026-09-08 18:11:43,890 INFO:main.py:423:setup_molecule:Created biomolecule object with 164 residues and 1312 atoms.
2026-09-08 18:11:43,892 INFO:main.py:785:main_driver:Setting termini states for biomolecule chains.
2026-09-08 18:11:43,894 INFO:main.py:616:non_trivial:Loading forcefield.
2026-09-08 18:11:43,897 INFO:main.py:620:non_trivial:Loading hydrogen topology definitions.
2026-09-08 18:11:43,898 WARNING:biomolecule.py:157:num_missing_heavy:Missing atom OXT in residue LEU A 164
2026-09-08 18:11:43,898 WARNING:biomolecule.py:157:num_missing_heavy:Missing atom OXT in residue LEU A 164
2026-09-08 18:11:43,899 INFO:main.py:630:non_trivial:Attempting to repair 1 missing atoms in biomolecule.
2026-09-08 18:11:43,899 WARNING:biomolecule.py:157:num_missing_heavy:Missing atom OXT in residue LEU A 164
2026-09-08 18:11:43,900 INFO:biomolecule.py:1080:repair_heavy:Added atom OXT to residue LEU A 164 at coordinates -3.416, 16.884, -1.080
2026-09-08 18:11:43,900 INFO:main.py:635:non_trivial:Updating disulfide bridges.
2026-09-08 18:11:43,901 INFO:main.py:638:non_trivial:Debumping biomolecule.
2026-09-08 18:11:43,918 INFO:main.py:645:non_trivial:Assigning titration states with PROPKA.
2026-09-08 18:11:43,922 INFO:output.py:74:print_header:
propka3.5.1                                                                                  2026-09-08

-------------------------------------------------------------------------------
--                                                                           --
--  PROPKA: A PROTEIN PKA PREDICTOR                                          --
--                                                                           --
--  VERSION 1.0,  04/25/2004,  IOWA CITY                                     --
--  BY HUI LI                                                                --
--                                                                           --
--  VERSION 2.0,  11/05/2007, IOWA CITY/COPENHAGEN                           --
--  BY DELPHINE C. BAS AND DAVID M. ROGERS                                   --
--                                                                           --
--  VERSION 3.0,  01/06/2011, COPENHAGEN                                     --
--  BY MATS H.M. OLSSON AND CHRESTEN R. SONDERGARD                           --
--                                                                           --
--  VERSION 3.1,  07/01/2011, COPENHAGEN                                     --
--  BY CHRESTEN R. SONDERGARD AND MATS H.M. OLSSON                           --
--                                                                           --
--  VERSION 3.2,  06/17/2020, PLANET EARTH                                   --
--  SEE ABOVE FOR AUTHORS                                                    --
--                                                                           --
-------------------------------------------------------------------------------


-------------------------------------------------------------------------------
References:

Very Fast Empirical Prediction and Rationalization of Protein pKa Values.
Hui Li, Andrew D. Robertson and Jan H. Jensen. PROTEINS: Structure, Function,
and Bioinformatics. 61:704-721 (2005)

Very Fast Prediction and Rationalization of pKa Values for Protein-Ligand
Complexes.  Delphine C. Bas, David M. Rogers and Jan H. Jensen.  PROTEINS:
Structure, Function, and Bioinformatics 73:765-783 (2008)

PROPKA3: Consistent Treatment of Internal and Surface Residues in Empirical
pKa predictions.  Mats H.M. Olsson, Chresten R. Sondergard, Michal Rostkowski,
and Jan H. Jensen.  Journal of Chemical Theory and Computation, 7(2):525-537
(2011)

Improved Treatment of Ligands and Coupling Effects in Empirical Calculation
and Rationalization of pKa Values.  Chresten R. Sondergaard, Mats H.M. Olsson,
Michal Rostkowski, and Jan H. Jensen.  Journal of Chemical Theory and
Computation, (2011)
-------------------------------------------------------------------------------



2026-09-08 18:11:43,952 INFO:conformation_container.py:124:find_covalently_coupled_groups:Coupling map:

2026-09-08 18:11:43,952 INFO:conformation_container.py:213:calculate_pka:Calculating pKas for Conformation container 1A with 1579 atoms and 415 groups
2026-09-08 18:11:44,008 INFO:output.py:225:print_pka_section:pKa determinants:

---------  -----   ------   ---------------------    --------------    --------------    --------------
                            DESOLVATION  EFFECTS       SIDECHAIN          BACKBONE        COULOMBIC
 RESIDUE    pKa    BURIED     REGULAR      RE        HYDROGEN BOND     HYDROGEN BOND      INTERACTION
---------  -----   ------   ---------   ---------    --------------    --------------    --------------

ASP  10 A   3.96    76 %    3.09  494   0.79    0   -0.72 ASN 101 A    0.00 XXX   0 X   -0.90 ARG 145 A
ASP  10 A                                           -0.70 ARG 148 A    0.00 XXX   0 X   -0.64 ARG 148 A
ASP  10 A                                           -0.76 TYR 161 A    0.00 XXX   0 X    0.00 XXX   0 X

ASP  20 A   3.42    25 %    1.31  351   0.17    0   -0.30 THR  26 A   -0.04 ASP  20 A   -0.00 LYS  19 A
ASP  20 A                                            0.00 XXX   0 X   -0.50 GLU  22 A   -0.02 LYS  35 A
ASP  20 A                                            0.00 XXX   0 X   -0.22 GLY  23 A    0.00 XXX   0 X
ASP  20 A                                            0.00 XXX   0 X   -0.77 TYR  24 A    0.00 XXX   0 X

ASP  47 A   3.33     0 %    0.59  255   0.00    0   -0.12 CYS  54 A   -0.83 CYS  54 A   -0.04 LYS  43 A
ASP  47 A                                            0.00 XXX   0 X   -0.01 ASN  55 A   -0.07 ARG  52 A
ASP  47 A                                            0.00 XXX   0 X    0.00 XXX   0 X    0.01 GLU  62 A

ASP  61 A   3.94     0 %    0.17  163   0.00    0    0.00 XXX   0 X    0.00 XXX   0 X   -0.07 LYS  60 A
ASP  61 A                                            0.00 XXX   0 X    0.00 XXX   0 X    0.04 GLU  62 A

ASP  70 A   4.36    74 %    2.30  488   0.83    0   -1.60 HIS  31 A    0.00 XXX   0 X   -0.00 ARG  76 A
ASP  70 A                                            0.00 XXX   0 X    0.00 XXX   0 X    0.01 ASP  72 A
ASP  70 A                                            0.00 XXX   0 X    0.00 XXX   0 X   -0.97 HIS  31 A

ASP  72 A   3.94     0 %    0.32  268   0.00    0    0.00 XXX   0 X    0.00 XXX   0 X   -0.18 ARG  76 A

ASP  89 A   2.86     0 %    0.44  245   0.00    0   -0.85 LYS  85 A    0.00 XXX   0 X   -0.15 ARG  96 A
ASP  89 A                                            0.00 XXX   0 X    0.00 XXX   0 X   -0.38 LYS  85 A

ASP  92 A   2.79    22 %    1.12  342   0.08    0   -0.68 ARG  95 A   -0.23 ASP  92 A   -0.05 ARG  96 A
ASP  92 A                                            0.00 XXX   0 X   -0.16 VAL  94 A   -0.04 LYS 124 A
ASP  92 A                                            0.00 XXX   0 X   -0.58 ARG  95 A   -0.47 ARG  95 A

ASP 127 A   3.91     0 %    0.24  223   0.00    0    0.00 XXX   0 X    0.00 XXX   0 X   -0.16 ARG 154 A
ASP 127 A                                            0.00 XXX   0 X    0.00 XXX   0 X    0.04 GLU 128 A

ASP 159 A   2.92     0 %    0.29  211   0.00    0   -0.13 THR 157 A    0.00 XXX   0 X   -0.00 ARG 154 A
ASP 159 A                                           -0.66 LYS 162 A    0.00 XXX   0 X   -0.38 LYS 162 A

GLU   5 A   3.44     0 %    0.35  238   0.00    0   -0.48 N+    1 A   -0.49 ASN   2 A   -0.06 ARG   8 A
GLU   5 A                                            0.00 XXX   0 X    0.00 XXX   0 X   -0.38 N+    1 A

GLU  11 A   5.45    95 %    2.60  546   0.56    0   -0.72 ARG 145 A    0.00 XXX   0 X    0.24 ASP  10 A
GLU  11 A                                            0.00 XXX   0 X    0.00 XXX   0 X    0.08 ASP  20 A
GLU  11 A                                            0.00 XXX   0 X    0.00 XXX   0 X    0.07 ASP  70 A
GLU  11 A                                            0.00 XXX   0 X    0.00 XXX   0 X   -1.87 ARG 145 A

GLU  22 A   5.05    14 %    0.44  320   0.00    0    0.00 XXX   0 X    0.00 XXX   0 X   -0.12 LYS  35 A
GLU  22 A                                            0.00 XXX   0 X    0.00 XXX   0 X    0.23 ASP  20 A

GLU  45 A   4.51     0 %    0.24  248   0.00    0    0.00 XXX   0 X    0.00 XXX   0 X   -0.21 LYS  48 A
GLU  45 A                                            0.00 XXX   0 X    0.00 XXX   0 X   -0.03 HIS  31 A

GLU  62 A   2.42     0 %    0.70  276   0.00    0   -0.16 THR  59 A   -0.83 THR  59 A   -0.03 LYS  65 A
GLU  62 A                                           -1.38 ARG  52 A    0.00 XXX   0 X   -0.38 ARG  52 A

GLU  64 A   4.56     0 %    0.29  252   0.00    0    0.00 XXX   0 X    0.00 XXX   0 X   -0.21 ARG   8 A
GLU  64 A                                            0.00 XXX   0 X    0.00 XXX   0 X   -0.20 LYS  60 A
GLU  64 A                                            0.00 XXX   0 X    0.00 XXX   0 X    0.19 ASP  61 A

GLU 108 A   4.26     6 %    0.75  298   0.03    0   -0.62 ARG  80 A    0.00 XXX   0 X   -0.01 ARG  76 A
GLU 108 A                                            0.00 XXX   0 X    0.00 XXX   0 X   -0.38 ARG  80 A

GLU 128 A   3.44     0 %    0.44  193   0.00    0   -1.09 ARG 125 A    0.00 XXX   0 X   -0.03 ARG 119 A
GLU 128 A                                            0.00 XXX   0 X    0.00 XXX   0 X   -0.38 ARG 125 A

C-  164 A   3.39     0 %    0.22  214   0.00    0    0.00 XXX   0 X    0.00 XXX   0 X   -0.03 ARG 148 A

HIS  31 A   7.31    75 %   -1.79  491   0.00    0    1.60 ASP  70 A    0.00 XXX   0 X    0.03 GLU  45 A
HIS  31 A                                            0.00 XXX   0 X    0.00 XXX   0 X    0.97 ASP  70 A

CYS  54 A  10.43    10 %    1.16  310   0.00    0    0.12 ASP  47 A    0.00 XXX   0 X   -0.38 ARG  52 A
CYS  54 A                                            0.00 XXX   0 X    0.00 XXX   0 X    0.27 ASP  47 A
CYS  54 A                                            0.00 XXX   0 X    0.00 XXX   0 X    0.27 GLU  62 A

CYS  97 A  11.02    64 %    2.06  460   0.00    0    0.00 XXX   0 X   -0.01 ILE   3 A   -0.04 N+    1 A
CYS  97 A                                            0.00 XXX   0 X    0.00 XXX   0 X   -0.02 ARG  96 A
CYS  97 A                                            0.00 XXX   0 X    0.00 XXX   0 X    0.04 ASP  92 A

TYR  18 A  12.10    55 %    1.79  435   0.00    0    0.00 XXX   0 X    0.00 XXX   0 X    0.42 GLU  11 A
TYR  18 A                                            0.00 XXX   0 X    0.00 XXX   0 X   -0.00 ARG  12 A
TYR  18 A                                            0.00 XXX   0 X    0.00 XXX   0 X   -0.23 ARG  14 A
TYR  18 A                                            0.00 XXX   0 X    0.00 XXX   0 X    0.15 ASP  20 A
TYR  18 A                                            0.00 XXX   0 X    0.00 XXX   0 X   -0.02 ARG 145 A

TYR  24 A  10.36     0 %    0.25  215   0.00    0    0.00 XXX   0 X    0.00 XXX   0 X    0.10 ASP  20 A
TYR  24 A                                            0.00 XXX   0 X    0.00 XXX   0 X    0.26 GLU  22 A
TYR  24 A                                            0.00 XXX   0 X    0.00 XXX   0 X   -0.25 LYS  35 A

TYR  25 A  10.10     0 %    0.48  234   0.00    0    0.00 XXX   0 X    0.00 XXX   0 X   -0.35 LYS  19 A
TYR  25 A                                            0.00 XXX   0 X    0.00 XXX   0 X   -0.03 LYS  43 A

TYR  88 A  10.83    33 %    0.91  373   0.00    0   -0.00 ARG  96 A    0.00 XXX   0 X    0.08 ASP  89 A
TYR  88 A                                            0.00 XXX   0 X    0.00 XXX   0 X   -0.32 ARG  96 A
TYR  88 A                                            0.00 XXX   0 X    0.00 XXX   0 X    0.15 CYS  97 A

TYR 139 A  10.11     0 %    0.28  255   0.00    0    0.00 XXX   0 X    0.00 XXX   0 X   -0.17 LYS 147 A

TYR 161 A  14.47    77 %    3.66  497   0.00    0   -0.00 ASN 101 A    0.00 XXX   0 X    0.03 CYS  97 A
TYR 161 A                                           -0.19 ARG 148 A    0.00 XXX   0 X   -0.41 ARG 145 A
TYR 161 A                                            0.76 ASP  10 A    0.00 XXX   0 X   -0.40 ARG 148 A
TYR 161 A                                            0.00 XXX   0 X    0.00 XXX   0 X    1.02 ASP  10 A

LYS  16 A  10.40     0 %   -0.10  180   0.00    0    0.00 XXX   0 X    0.00 XXX   0 X    0.00 XXX   0 X

LYS  19 A  10.65     0 %   -0.20  192   0.00    0    0.00 XXX   0 X    0.00 XXX   0 X    0.00 ASP  20 A
LYS  19 A                                            0.00 XXX   0 X    0.00 XXX   0 X    0.35 TYR  25 A

LYS  35 A  10.71     0 %   -0.18  257   0.00    0    0.00 XXX   0 X    0.00 XXX   0 X    0.02 ASP  20 A
LYS  35 A                                            0.00 XXX   0 X    0.00 XXX   0 X    0.12 GLU  22 A
LYS  35 A                                            0.00 XXX   0 X    0.00 XXX   0 X    0.25 TYR  24 A

LYS  43 A  10.26     0 %   -0.25  221   0.00    0    0.00 XXX   0 X    0.00 XXX   0 X    0.04 ASP  47 A
LYS  43 A                                            0.00 XXX   0 X    0.00 XXX   0 X   -0.05 LYS  16 A
LYS  43 A                                            0.00 XXX   0 X    0.00 XXX   0 X    0.03 TYR  25 A

LYS  48 A  10.63     0 %   -0.08  137   0.00    0    0.00 XXX   0 X    0.00 XXX   0 X    0.21 GLU  45 A

LYS  60 A  10.60     0 %   -0.12  182   0.00    0    0.00 XXX   0 X    0.00 XXX   0 X   -0.05 ARG   8 A
LYS  60 A                                            0.00 XXX   0 X    0.00 XXX   0 X    0.07 ASP  61 A
LYS  60 A                                            0.00 XXX   0 X    0.00 XXX   0 X    0.20 GLU  64 A

LYS  65 A  10.41     0 %   -0.12  201   0.00    0    0.00 XXX   0 X    0.00 XXX   0 X    0.03 GLU  62 A

LYS  83 A  10.35     0 %   -0.15  194   0.00    0    0.00 XXX   0 X    0.00 XXX   0 X    0.00 XXX   0 X

LYS  85 A  11.46     0 %   -0.26  183   0.00    0    0.85 ASP  89 A    0.00 XXX   0 X   -0.01 ARG  96 A
LYS  85 A                                            0.00 XXX   0 X    0.00 XXX   0 X    0.38 ASP  89 A

LYS 124 A  10.37     0 %   -0.13  201   0.00    0    0.00 XXX   0 X    0.00 XXX   0 X    0.04 ASP  92 A
LYS 124 A                                            0.00 XXX   0 X    0.00 XXX   0 X   -0.04 ARG  95 A

LYS 135 A  10.36     0 %   -0.14  170   0.00    0    0.00 XXX   0 X    0.00 XXX   0 X    0.00 XXX   0 X

LYS 147 A  10.56     0 %   -0.11  225   0.00    0    0.00 XXX   0 X    0.00 XXX   0 X   -0.00 ARG 148 A
LYS 147 A                                            0.00 XXX   0 X    0.00 XXX   0 X   -0.00 ARG 154 A
LYS 147 A                                            0.00 XXX   0 X    0.00 XXX   0 X    0.17 TYR 139 A

LYS 162 A  11.35     0 %   -0.20  167   0.00    0    0.66 ASP 159 A    0.00 XXX   0 X    0.38 ASP 159 A

ARG   8 A  12.17    14 %   -0.60  321   0.00    0    0.00 XXX   0 X    0.00 XXX   0 X    0.06 GLU   5 A
ARG   8 A                                            0.00 XXX   0 X    0.00 XXX   0 X    0.21 GLU  64 A

ARG  12 A  12.24     0 %   -0.12  237   0.00    0    0.00 XXX   0 X    0.00 XXX   0 X    0.00 TYR  18 A
ARG  12 A                                            0.00 XXX   0 X    0.00 XXX   0 X   -0.12 ARG  14 A
ARG  12 A                                            0.00 XXX   0 X    0.00 XXX   0 X   -0.03 ARG 148 A

ARG  14 A  12.45     0 %   -0.29  270   0.00    0    0.00 XXX   0 X    0.00 XXX   0 X    0.23 TYR  18 A

ARG  52 A  14.26     0 %   -0.45  234   0.00    0    1.38 GLU  62 A    0.00 XXX   0 X    0.07 ASP  47 A
ARG  52 A                                            0.00 XXX   0 X    0.00 XXX   0 X    0.38 CYS  54 A
ARG  52 A                                            0.00 XXX   0 X    0.00 XXX   0 X    0.38 GLU  62 A

ARG  76 A  12.35     0 %   -0.29  212   0.00    0    0.00 XXX   0 X    0.00 XXX   0 X    0.00 ASP  70 A
ARG  76 A                                            0.00 XXX   0 X    0.00 XXX   0 X    0.18 ASP  72 A
ARG  76 A                                            0.00 XXX   0 X    0.00 XXX   0 X    0.01 GLU 108 A
ARG  76 A                                            0.00 XXX   0 X    0.00 XXX   0 X   -0.06 ARG  80 A

ARG  80 A  13.27     0 %   -0.23  219   0.00    0    0.62 GLU 108 A    0.00 XXX   0 X    0.38 GLU 108 A

ARG  95 A  12.47    25 %   -1.18  350   0.00    0    0.68 ASP  92 A    0.00 XXX   0 X    0.47 ASP  92 A

ARG  96 A  12.63     1 %   -0.41  283   0.00    0    0.00 TYR  88 A    0.00 XXX   0 X    0.32 TYR  88 A
ARG  96 A                                            0.00 XXX   0 X    0.00 XXX   0 X    0.15 ASP  89 A
ARG  96 A                                            0.00 XXX   0 X    0.00 XXX   0 X    0.05 ASP  92 A
ARG  96 A                                            0.00 XXX   0 X    0.00 XXX   0 X    0.02 CYS  97 A

ARG 119 A  12.19     0 %   -0.18  192   0.00    0    0.00 XXX   0 X    0.00 XXX   0 X    0.03 GLU 128 A
ARG 119 A                                            0.00 XXX   0 X    0.00 XXX   0 X   -0.16 ARG 125 A

ARG 125 A  13.59     0 %   -0.38  189   0.00    0    1.09 GLU 128 A    0.00 XXX   0 X    0.38 GLU 128 A

ARG 145 A  12.82   100 %   -3.49  563   0.00    0    0.72 GLU  11 A    0.00 XXX   0 X    0.02 TYR  18 A
ARG 145 A                                            0.00 XXX   0 X    0.00 XXX   0 X    0.41 TYR 161 A
ARG 145 A                                            0.00 XXX   0 X    0.00 XXX   0 X   -0.12 ARG 148 A
ARG 145 A                                            0.00 XXX   0 X    0.00 XXX   0 X    0.90 ASP  10 A
ARG 145 A                                            0.00 XXX   0 X    0.00 XXX   0 X    1.87 GLU  11 A

ARG 148 A  13.20    39 %   -1.26  391   0.00    0    0.19 TYR 161 A    0.00 XXX   0 X    0.40 TYR 161 A
ARG 148 A                                            0.70 ASP  10 A    0.00 XXX   0 X    0.03 C-  164 A
ARG 148 A                                            0.00 XXX   0 X    0.00 XXX   0 X    0.64 ASP  10 A

ARG 154 A  12.41     0 %   -0.26  269   0.00    0    0.00 XXX   0 X    0.00 XXX   0 X    0.16 ASP 127 A
ARG 154 A                                            0.00 XXX   0 X    0.00 XXX   0 X    0.00 ASP 159 A

N+    1 A   8.54     0 %   -0.34  242   0.00    0    0.48 GLU   5 A    0.00 XXX   0 X    0.04 CYS  97 A
N+    1 A                                            0.00 XXX   0 X    0.00 XXX   0 X   -0.03 LYS 162 A
N+    1 A                                            0.00 XXX   0 X    0.00 XXX   0 X    0.38 GLU   5 A


2026-09-08 18:11:44,009 INFO:output.py:227:print_pka_section:pKa summary:
--------------------------------------------------------------------------------------------------------
SUMMARY OF THIS PREDICTION
       Group      pKa  model-pKa   ligand atom-type
   ASP  10 A     3.96       3.80                      
   ASP  20 A     3.42       3.80                      
   ASP  47 A     3.33       3.80                      
   ASP  61 A     3.94       3.80                      
   ASP  70 A     4.36       3.80                      
   ASP  72 A     3.94       3.80                      
   ASP  89 A     2.86       3.80                      
   ASP  92 A     2.79       3.80                      
   ASP 127 A     3.91       3.80                      
   ASP 159 A     2.92       3.80                      
   GLU   5 A     3.44       4.50                      
   GLU  11 A     5.45       4.50                      
   GLU  22 A     5.05       4.50                      
   GLU  45 A     4.51       4.50                      
   GLU  62 A     2.42       4.50                      
   GLU  64 A     4.56       4.50                      
   GLU 108 A     4.26       4.50                      
   GLU 128 A     3.44       4.50                      
   C-  164 A     3.39       3.20                      
   HIS  31 A     7.31       6.50                      
   CYS  54 A    10.43       9.00                      
   CYS  97 A    11.02       9.00                      
   TYR  18 A    12.10      10.00                      
   TYR  24 A    10.36      10.00                      
   TYR  25 A    10.10      10.00                      
   TYR  88 A    10.83      10.00                      
   TYR 139 A    10.11      10.00                      
   TYR 161 A    14.47      10.00                      
   LYS  16 A    10.40      10.50                      
   LYS  19 A    10.65      10.50                      
   LYS  35 A    10.71      10.50                      
   LYS  43 A    10.26      10.50                      
   LYS  48 A    10.63      10.50                      
   LYS  60 A    10.60      10.50                      
   LYS  65 A    10.41      10.50                      
   LYS  83 A    10.35      10.50                      
   LYS  85 A    11.46      10.50                      
   LYS 124 A    10.37      10.50                      
   LYS 135 A    10.36      10.50                      
   LYS 147 A    10.56      10.50                      
   LYS 162 A    11.35      10.50                      
   ARG   8 A    12.17      12.50                      
   ARG  12 A    12.24      12.50                      
   ARG  14 A    12.45      12.50                      
   ARG  52 A    14.26      12.50                      
   ARG  76 A    12.35      12.50                      
   ARG  80 A    13.27      12.50                      
   ARG  95 A    12.47      12.50                      
   ARG  96 A    12.63      12.50                      
   ARG 119 A    12.19      12.50                      
   ARG 125 A    13.59      12.50                      
   ARG 145 A    12.82      12.50                      
   ARG 148 A    13.20      12.50                      
   ARG 154 A    12.41      12.50                      
   N+    1 A     8.54       8.00                      

2026-09-08 18:11:44,014 INFO:main.py:648:non_trivial:PROPKA information:
--------------------------------------------------------------------------------------------------------
Free energy of   folding (kcal/mol) as a function of pH (using neutral reference)
  0.00      6.83
  1.00      6.79
  2.00      6.40
  3.00      4.32
  4.00      0.58
  5.00     -0.71
  6.00     -0.29
  7.00      0.34
  8.00      1.09
  9.00      2.42
 10.00      5.72
 11.00     11.04
 12.00     15.25
 13.00     18.86
 14.00     22.33

The pH of optimum stability is  4.9 for which the free energy is   -0.7 kcal/mol at 298K
The free energy is within 80 % of maximum at pH  4.6 to  5.4
The free energy is negative in the range  4.3 -  6.5


Protein charge of folded and unfolded state as a function of pH
    pH  unfolded  folded
  0.00     28.00   27.99
  0.10     28.00   27.99
  0.20     28.00   27.98
  0.30     28.00   27.98
  0.40     27.99   27.97
  0.50     27.99   27.97
  0.60     27.99   27.96
  0.70     27.99   27.95
  0.80     27.98   27.93
  0.90     27.98   27.92
  1.00     27.98   27.90
  1.10     27.97   27.87
  1.20     27.96   27.84
  1.30     27.95   27.80
  1.40     27.94   27.74
  1.50     27.92   27.68
  1.60     27.90   27.61
  1.70     27.88   27.51
  1.80     27.85   27.40
  1.90     27.81   27.26
  2.00     27.76   27.10
  2.10     27.70   26.91
  2.20     27.62   26.68
  2.30     27.53   26.42
  2.40     27.42   26.12
  2.50     27.28   25.78
  2.60     27.11   25.40
  2.70     26.90   24.98
  2.80     26.65   24.51
  2.90     26.35   24.01
  3.00     26.00   23.47
  3.10     25.59   22.89
  3.20     25.11   22.28
  3.30     24.56   21.64
  3.40     23.95   20.99
  3.50     23.27   20.31
  3.60     22.52   19.62
  3.70     21.72   18.93
  3.80     20.87   18.24
  3.90     19.98   17.55
  4.00     19.08   16.87
  4.10     18.17   16.21
  4.20     17.26   15.57
  4.30     16.37   14.95
  4.40     15.52   14.37
  4.50     14.70   13.81
  4.60     13.93   13.29
  4.70     13.23   12.81
  4.80     12.58   12.37
  4.90     12.01   11.96
  5.00     11.50   11.58
  5.10     11.06   11.24
  5.20     10.67   10.93
  5.30     10.35   10.66
  5.40     10.07   10.41
  5.50      9.83   10.19
  5.60      9.63    9.99
  5.70      9.46    9.82
  5.80      9.31    9.67
  5.90      9.18    9.54
  6.00      9.06    9.43
  6.10      8.95    9.33
  6.20      8.84    9.24
  6.30      8.74    9.16
  6.40      8.65    9.09
  6.50      8.56    9.02
  6.60      8.47    8.96
  6.70      8.39    8.89
  6.80      8.31    8.83
  6.90      8.23    8.76
  7.00      8.15    8.69
  7.10      8.08    8.62
  7.20      8.00    8.54
  7.30      7.93    8.46
  7.40      7.85    8.39
  7.50      7.77    8.30
  7.60      7.68    8.22
  7.70      7.59    8.14
  7.80      7.48    8.06
  7.90      7.37    7.97
  8.00      7.25    7.89
  8.10      7.12    7.80
  8.20      6.98    7.70
  8.30      6.82    7.60
  8.40      6.65    7.50
  8.50      6.46    7.38
  8.60      6.25    7.26
  8.70      6.01    7.13
  8.80      5.76    6.99
  8.90      5.47    6.83
  9.00      5.15    6.65
  9.10      4.79    6.45
  9.20      4.39    6.22
  9.30      3.94    5.96
  9.40      3.44    5.65
  9.50      2.88    5.29
  9.60      2.25    4.87
  9.70      1.55    4.38
  9.80      0.78    3.82
  9.90     -0.06    3.18
 10.00     -0.97    2.46
 10.10     -1.94    1.66
 10.20     -2.96    0.80
 10.30     -4.01   -0.12
 10.40     -5.07   -1.08
 10.50     -6.12   -2.07
 10.60     -7.15   -3.07
 10.70     -8.13   -4.06
 10.80     -9.06   -5.03
 10.90     -9.92   -5.96
 11.00    -10.71   -6.86
 11.10    -11.43   -7.71
 11.20    -12.09   -8.53
 11.30    -12.70   -9.30
 11.40    -13.26  -10.04
 11.50    -13.81  -10.75
 11.60    -14.34  -11.45
 11.70    -14.89  -12.13
 11.80    -15.45  -12.82
 11.90    -16.03  -13.50
 12.00    -16.66  -14.20
 12.10    -17.33  -14.90
 12.20    -18.05  -15.61
 12.30    -18.80  -16.32
 12.40    -19.57  -17.03
 12.50    -20.35  -17.73
 12.60    -21.13  -18.41
 12.70    -21.88  -19.07
 12.80    -22.59  -19.70
 12.90    -23.24  -20.30
 13.00    -23.83  -20.87
 13.10    -24.35  -21.40
 13.20    -24.81  -21.89
 13.30    -25.20  -22.35
 13.40    -25.53  -22.78
 13.50    -25.80  -23.18
 13.60    -26.03  -23.54
 13.70    -26.22  -23.88
 13.80    -26.37  -24.20
 13.90    -26.50  -24.49
 14.00    -26.60  -24.76
The pI is 10.29 (folded) and  9.89 (unfolded)

--------------------------------------------------------------------------------------------------------
2026-09-08 18:11:44,015 INFO:biomolecule.py:797:apply_pka_values:Applying pKa values at a pH of 9.00:
2026-09-08 18:11:44,016 INFO:main.py:661:non_trivial:Adding hydrogens to biomolecule.
2026-09-08 18:11:44,080 INFO:main.py:664:non_trivial:Debumping biomolecule (again).
2026-09-08 18:11:44,154 INFO:main.py:666:non_trivial:Optimizing hydrogen bonds
2026-09-08 18:11:44,249 INFO:main.py:678:non_trivial:Applying force field to biomolecule states.
2026-09-08 18:11:44,250 INFO:main.py:725:non_trivial:Regenerating headers.
2026-09-08 18:11:44,251 INFO:main.py:750:non_trivial:Regenerating PDB lines.
2026-09-08 18:11:44,293 WARNING:main.py:326:print_pqr:Ignoring 465 header lines in output.
