2026-09-08 18:02:50,824 INFO:main.py:246:print_splash_screen:PDB2PQR v3.7.1: biomolecular structure conversion software.
2026-09-08 18:02:50,824 INFO:main.py:248:print_splash_screen:Please cite:  Jurrus E, et al.  Improvements to the APBS biomolecular solvation software suite.  Protein Sci 27 112-128 (2018).
2026-09-08 18:02:50,825 INFO:main.py:248:print_splash_screen:Please cite:  Dolinsky TJ, et al.  PDB2PQR: expanding and upgrading automated preparation of biomolecular structures for molecular simulations. Nucleic Acids Res 35 W522-W525 (2007).
2026-09-08 18:02:50,825 INFO:main.py:770:main_driver:Checking and transforming input arguments.
2026-09-08 18:02:50,826 INFO:main.py:774:main_driver:Loading topology files.
2026-09-08 18:02:50,847 INFO:main.py:776:main_driver:Loading molecule: /mnt/c/Users/USER/Desktop/schizochytrium-hs6-genomics/results/lysis_enzymes/structures/subtilisin_pumilus.pdb
2026-09-08 18:02:50,849 ERROR:pdb.py:2587:read_pdb:Error parsing line: 'PARENT'
2026-09-08 18:02:50,849 ERROR:pdb.py:2588:read_pdb:<PARENT N/A>
2026-09-08 18:02:50,849 ERROR:pdb.py:2589:read_pdb:Truncating remaining errors for record type:PARENT
2026-09-08 18:02:50,855 WARNING:io.py:474:get_molecule:Warning: /mnt/c/Users/USER/Desktop/schizochytrium-hs6-genomics/results/lysis_enzymes/structures/subtilisin_pumilus.pdb is a non-standard PDB file.

2026-09-08 18:02:50,857 ERROR:io.py:475:get_molecule:['PARENT']
2026-09-08 18:02:50,857 INFO:main.py:781:main_driver:Setting up molecule.
2026-09-08 18:02:50,861 INFO:main.py:423:setup_molecule:Created biomolecule object with 275 residues and 1947 atoms.
2026-09-08 18:02:50,861 INFO:main.py:785:main_driver:Setting termini states for biomolecule chains.
2026-09-08 18:02:50,864 INFO:main.py:616:non_trivial:Loading forcefield.
2026-09-08 18:02:50,866 INFO:main.py:620:non_trivial:Loading hydrogen topology definitions.
2026-09-08 18:02:50,868 WARNING:biomolecule.py:157:num_missing_heavy:Missing atom OXT in residue GLN A 275
2026-09-08 18:02:50,869 WARNING:biomolecule.py:157:num_missing_heavy:Missing atom OXT in residue GLN A 275
2026-09-08 18:02:50,869 INFO:main.py:630:non_trivial:Attempting to repair 1 missing atoms in biomolecule.
2026-09-08 18:02:50,870 WARNING:biomolecule.py:157:num_missing_heavy:Missing atom OXT in residue GLN A 275
2026-09-08 18:02:50,870 INFO:biomolecule.py:1080:repair_heavy:Added atom OXT to residue GLN A 275 at coordinates -14.330, 2.784, 14.856
2026-09-08 18:02:50,871 INFO:main.py:635:non_trivial:Updating disulfide bridges.
2026-09-08 18:02:50,871 INFO:main.py:638:non_trivial:Debumping biomolecule.
2026-09-08 18:02:50,898 INFO:main.py:645:non_trivial:Assigning titration states with PROPKA.
2026-09-08 18:02:50,903 INFO:output.py:74:print_header:
propka3.5.1                                                                                  2026-09-08

-------------------------------------------------------------------------------
--                                                                           --
--  PROPKA: A PROTEIN PKA PREDICTOR                                          --
--                                                                           --
--  VERSION 1.0,  04/25/2004,  IOWA CITY                                     --
--  BY HUI LI                                                                --
--                                                                           --
--  VERSION 2.0,  11/05/2007, IOWA CITY/COPENHAGEN                           --
--  BY DELPHINE C. BAS AND DAVID M. ROGERS                                   --
--                                                                           --
--  VERSION 3.0,  01/06/2011, COPENHAGEN                                     --
--  BY MATS H.M. OLSSON AND CHRESTEN R. SONDERGARD                           --
--                                                                           --
--  VERSION 3.1,  07/01/2011, COPENHAGEN                                     --
--  BY CHRESTEN R. SONDERGARD AND MATS H.M. OLSSON                           --
--                                                                           --
--  VERSION 3.2,  06/17/2020, PLANET EARTH                                   --
--  SEE ABOVE FOR AUTHORS                                                    --
--                                                                           --
-------------------------------------------------------------------------------


-------------------------------------------------------------------------------
References:

Very Fast Empirical Prediction and Rationalization of Protein pKa Values.
Hui Li, Andrew D. Robertson and Jan H. Jensen. PROTEINS: Structure, Function,
and Bioinformatics. 61:704-721 (2005)

Very Fast Prediction and Rationalization of pKa Values for Protein-Ligand
Complexes.  Delphine C. Bas, David M. Rogers and Jan H. Jensen.  PROTEINS:
Structure, Function, and Bioinformatics 73:765-783 (2008)

PROPKA3: Consistent Treatment of Internal and Surface Residues in Empirical
pKa predictions.  Mats H.M. Olsson, Chresten R. Sondergard, Michal Rostkowski,
and Jan H. Jensen.  Journal of Chemical Theory and Computation, 7(2):525-537
(2011)

Improved Treatment of Ligands and Coupling Effects in Empirical Calculation
and Rationalization of pKa Values.  Chresten R. Sondergaard, Mats H.M. Olsson,
Michal Rostkowski, and Jan H. Jensen.  Journal of Chemical Theory and
Computation, (2011)
-------------------------------------------------------------------------------



2026-09-08 18:02:50,934 INFO:conformation_container.py:124:find_covalently_coupled_groups:Coupling map:

2026-09-08 18:02:50,935 INFO:conformation_container.py:213:calculate_pka:Calculating pKas for Conformation container 1A with 2306 atoms and 667 groups
2026-09-08 18:02:51,002 INFO:output.py:225:print_pka_section:pKa determinants:

---------  -----   ------   ---------------------    --------------    --------------    --------------
                            DESOLVATION  EFFECTS       SIDECHAIN          BACKBONE        COULOMBIC
 RESIDUE    pKa    BURIED     REGULAR      RE        HYDROGEN BOND     HYDROGEN BOND      INTERACTION
---------  -----   ------   ---------   ---------    --------------    --------------    --------------

ASP  32 A   3.76   100 %    3.66  632   0.89    0   -0.19 SER  33 A   -0.60 SER  33 A   -0.12 LYS  94 A
ASP  32 A                                           -1.60 HIS  64 A    0.00 XXX   0 X   -0.05 HIS  67 A
ASP  32 A                                            0.00 XXX   0 X    0.00 XXX   0 X   -2.03 HIS  64 A

ASP  36 A   2.37    28 %    1.06  360   0.09    0   -0.85 SER  38 A   -0.69 SER  38 A   -0.22 HIS  39 A
ASP  36 A                                            0.00 XXX   0 X   -0.82 GLY 211 A    0.00 XXX   0 X

ASP  41 A   3.61    28 %    1.62  359   0.44    0   -0.47 ASN  77 A   -0.73 VAL  81 A   -0.02 N+    1 A
ASP  41 A                                           -0.69 TYR 214 A    0.00 XXX   0 X   -0.33 HIS  39 A

ASP  60 A   5.04    80 %    3.35  505   0.94    0   -0.85 SER  33 A   -0.35 SER  62 A   -0.37 LYS  94 A
ASP  60 A                                           -0.69 THR  66 A   -0.50 SER  63 A    0.08 ASP  36 A
ASP  60 A                                            0.00 XXX   0 X   -0.03 GLY  65 A    0.05 GLU  54 A
ASP  60 A                                            0.00 XXX   0 X   -0.80 THR  66 A   -0.30 HIS  64 A
ASP  60 A                                            0.00 XXX   0 X    0.00 XXX   0 X    0.70 ASP  32 A

ASP  97 A   2.12     0 %    0.59  272   0.00    0   -0.85 THR  99 A   -0.03 ASP  97 A   -0.09 LYS  94 A
ASP  97 A                                            0.00 XXX   0 X   -0.60 THR  99 A    0.00 XXX   0 X
ASP  97 A                                            0.00 XXX   0 X   -0.07 GLY 100 A    0.00 XXX   0 X
ASP  97 A                                            0.00 XXX   0 X   -0.63 SER 101 A    0.00 XXX   0 X

ASP 120 A   4.79    55 %    1.29  436   0.69    0    0.00 XXX   0 X   -0.85 LYS  27 A   -0.15 LYS  27 A

ASP 140 A   2.50     8 %    0.68  305   0.09    0   -0.84 SER 173 A    0.00 XXX   0 X   -0.38 LYS 136 A
ASP 140 A                                           -0.85 LYS 136 A    0.00 XXX   0 X    0.00 XXX   0 X

ASP 197 A   6.12    78 %    2.09  499   1.29    0   -0.07 ARG 247 A   -0.82 ALA 176 A   -0.07 LYS 265 A
ASP 197 A                                            0.00 XXX   0 X    0.00 XXX   0 X    0.03 GLU 195 A
ASP 197 A                                            0.00 XXX   0 X    0.00 XXX   0 X   -0.82 ARG 247 A
ASP 197 A                                            0.00 XXX   0 X    0.00 XXX   0 X    0.68 GLU 251 A

ASP 248 A   3.96     0 %    0.27  262   0.00    0    0.00 XXX   0 X    0.00 XXX   0 X   -0.00 ARG 247 A
ASP 248 A                                            0.00 XXX   0 X    0.00 XXX   0 X   -0.09 ARG 249 A
ASP 248 A                                            0.00 XXX   0 X    0.00 XXX   0 X   -0.01 LYS 265 A

GLU  54 A   2.94     4 %    0.70  292   0.01    0   -0.57 SER  98 A   -0.68 SER  98 A    0.20 ASP  97 A
GLU  54 A                                           -0.73 LYS  94 A    0.00 XXX   0 X   -0.49 LYS  94 A

GLU 112 A   4.20     3 %    0.41  290   0.01    0   -0.34 LYS 141 A    0.00 XXX   0 X   -0.38 LYS 141 A

GLU 156 A   4.67     0 %    0.17  259   0.00    0    0.00 XXX   0 X    0.00 XXX   0 X    0.00 XXX   0 X

GLU 195 A   3.77    26 %    1.01  353   0.04    0   -0.85 SER 163 A   -0.59 GLU 195 A   -0.34 LYS 170 A

GLU 251 A   4.86    50 %    1.35  422   0.32    0   -0.65 ARG 247 A    0.00 XXX   0 X   -0.18 LYS 265 A
GLU 251 A                                            0.00 XXX   0 X    0.00 XXX   0 X    0.10 ASP 248 A
GLU 251 A                                            0.00 XXX   0 X    0.00 XXX   0 X   -0.59 ARG 247 A

C-  275 A   2.85     0 %    0.42  277   0.00    0   -0.03 ARG 249 A    0.00 XXX   0 X   -0.14 LYS 237 A
C-  275 A                                            0.00 XXX   0 X    0.00 XXX   0 X   -0.39 ARG 249 A
C-  275 A                                            0.00 XXX   0 X    0.00 XXX   0 X   -0.21 HIS 238 A

HIS  17 A   5.50    60 %   -1.81  450   0.00    0    0.00 XXX   0 X    0.82 VAL  84 A    0.00 XXX   0 X

HIS  39 A   5.76    46 %   -1.95  411   0.00    0    0.00 XXX   0 X    0.67 THR 213 A    0.22 ASP  36 A
HIS  39 A                                            0.00 XXX   0 X    0.00 XXX   0 X    0.33 ASP  41 A

HIS  64 A   8.23    96 %   -2.21  550   0.00    0    1.60 ASP  32 A    0.00 XXX   0 X    0.30 ASP  60 A
HIS  64 A                                            0.00 XXX   0 X    0.00 XXX   0 X    2.03 ASP  32 A

HIS  67 A   3.94    83 %   -2.98  513   0.00    0    0.00 XXX   0 X    0.02 HIS  67 A    0.05 ASP  32 A
HIS  67 A                                            0.00 XXX   0 X    0.34 ILE 205 A   -0.30 HIS  64 A
HIS  67 A                                            0.00 XXX   0 X    0.32 GLY 215 A    0.00 XXX   0 X

HIS 226 A   3.72   100 %   -3.26  641   0.00    0    0.00 XXX   0 X    0.03 PRO 201 A   -0.08 HIS  67 A
HIS 226 A                                            0.00 XXX   0 X    0.42 MET 222 A    0.00 XXX   0 X
HIS 226 A                                            0.00 XXX   0 X    0.11 ALA 223 A    0.00 XXX   0 X

HIS 238 A   6.31    15 %   -0.95  322   0.00    0    0.00 XXX   0 X    0.81 ALA 274 A   -0.19 LYS 237 A
HIS 238 A                                            0.00 XXX   0 X    0.00 XXX   0 X   -0.07 ARG 249 A
HIS 238 A                                            0.00 XXX   0 X    0.00 XXX   0 X    0.21 C-  275 A

TYR   6 A  11.78    47 %    1.97  413   0.00    0    0.00 XXX   0 X   -0.19 VAL 203 A    0.00 XXX   0 X

TYR  21 A  10.04     0 %    0.26  236   0.00    0    0.00 XXX   0 X    0.00 XXX   0 X   -0.22 LYS 237 A

TYR  58 A  10.50     9 %    0.48  306   0.00    0    0.00 XXX   0 X    0.00 XXX   0 X    0.02 TYR  91 A

TYR  91 A  10.29    15 %    0.66  322   0.00    0    0.00 XXX   0 X    0.00 XXX   0 X   -0.08 ARG  45 A
TYR  91 A                                            0.00 XXX   0 X    0.00 XXX   0 X    0.04 ASP 120 A
TYR  91 A                                            0.00 XXX   0 X    0.00 XXX   0 X   -0.34 LYS  27 A

TYR 104 A  11.35    25 %    1.08  350   0.00    0    0.00 XXX   0 X    0.00 XXX   0 X    0.07 TYR 167 A
TYR 104 A                                            0.00 XXX   0 X    0.00 XXX   0 X    0.20 TYR 171 A

TYR 167 A   9.94*    0 %    0.40  278   0.00    0   -0.16 LYS 170 A    0.00 XXX   0 X    0.09 GLU 195 A
TYR 167 A                                            0.00 XXX   0 X    0.00 XXX   0 X   -0.39 LYS 170 A

TYR 171 A  10.69    18 %    1.39  331   0.00    0    0.00 XXX   0 X   -0.82 SER 132 A    0.05 ASP 140 A
TYR 171 A                                            0.00 XXX   0 X    0.00 XXX   0 X   -0.08 LYS 136 A
TYR 171 A                                            0.00 XXX   0 X    0.00 XXX   0 X    0.16 TYR 167 A
TYR 171 A                                            0.00 XXX   0 X    0.00 XXX   0 X   -0.01 LYS 170 A

TYR 214 A  12.29    16 %    1.14  326   0.00    0    0.69 ASP  41 A    0.00 XXX   0 X    0.47 ASP  41 A

TYR 217 A  10.65    16 %    0.61  326   0.00    0   -0.05 SER  63 A    0.00 XXX   0 X    0.09 ASP  60 A

TYR 256 A  10.29     0 %    0.27  186   0.00    0    0.00 XXX   0 X    0.00 XXX   0 X    0.02 TYR 263 A

TYR 262 A  10.18     0 %    0.27  218   0.00    0    0.00 XXX   0 X    0.00 XXX   0 X   -0.11 ARG 186 A
TYR 262 A                                            0.00 XXX   0 X    0.00 XXX   0 X    0.02 TYR 263 A

TYR 263 A  10.00    13 %    0.59  317   0.00    0    0.00 XXX   0 X   -0.40 ARG 186 A   -0.19 ARG 186 A

LYS  12 A  10.27     0 %   -0.23  276   0.00    0    0.00 XXX   0 X    0.00 XXX   0 X    0.00 XXX   0 X

LYS  27 A  10.73     0 %   -0.26  267   0.00    0    0.00 XXX   0 X    0.00 XXX   0 X    0.15 ASP 120 A
LYS  27 A                                            0.00 XXX   0 X    0.00 XXX   0 X    0.34 TYR  91 A

LYS  94 A  10.34    48 %   -1.97  416   0.00    0    0.73 GLU  54 A    0.00 XXX   0 X    0.12 ASP  32 A
LYS  94 A                                            0.00 XXX   0 X    0.00 XXX   0 X    0.37 ASP  60 A
LYS  94 A                                            0.00 XXX   0 X    0.00 XXX   0 X    0.09 ASP  97 A
LYS  94 A                                            0.00 XXX   0 X    0.00 XXX   0 X    0.49 GLU  54 A

LYS 136 A  11.46     0 %   -0.35  244   0.00    0    0.85 ASP 140 A    0.00 XXX   0 X    0.08 TYR 171 A
LYS 136 A                                            0.00 XXX   0 X    0.00 XXX   0 X    0.38 ASP 140 A

LYS 141 A  10.98     0 %   -0.25  223   0.00    0    0.34 GLU 112 A    0.00 XXX   0 X    0.38 GLU 112 A

LYS 170 A  11.01*    5 %   -0.38  295   0.00    0    0.16 TYR 167 A    0.00 XXX   0 X    0.34 GLU 195 A
LYS 170 A                                            0.00 XXX   0 X    0.00 XXX   0 X    0.01 TYR 171 A
LYS 170 A                                            0.00 XXX   0 X    0.00 XXX   0 X    0.39 TYR 167 A

LYS 237 A  10.30     3 %   -0.55  290   0.00    0    0.00 XXX   0 X    0.00 XXX   0 X   -0.01 ARG 249 A
LYS 237 A                                            0.00 XXX   0 X    0.00 XXX   0 X    0.14 C-  275 A
LYS 237 A                                            0.00 XXX   0 X    0.00 XXX   0 X    0.22 TYR  21 A

LYS 265 A  10.60     0 %   -0.16  273   0.00    0    0.00 XXX   0 X    0.00 XXX   0 X    0.07 ASP 197 A
LYS 265 A                                            0.00 XXX   0 X    0.00 XXX   0 X    0.01 ASP 248 A
LYS 265 A                                            0.00 XXX   0 X    0.00 XXX   0 X    0.18 GLU 251 A

ARG  45 A  12.38     0 %   -0.20  237   0.00    0    0.00 XXX   0 X    0.00 XXX   0 X    0.08 TYR  91 A

ARG 186 A  11.86    31 %   -0.94  367   0.00    0    0.00 XXX   0 X    0.00 XXX   0 X    0.11 TYR 262 A
ARG 186 A                                            0.00 XXX   0 X    0.00 XXX   0 X    0.19 TYR 263 A

ARG 247 A  13.16    62 %   -1.46  455   0.00    0    0.07 ASP 197 A    0.00 XXX   0 X    0.00 ASP 248 A
ARG 247 A                                            0.65 GLU 251 A    0.00 XXX   0 X    0.82 ASP 197 A
ARG 247 A                                            0.00 XXX   0 X    0.00 XXX   0 X    0.59 GLU 251 A

ARG 249 A  12.45     7 %   -0.57  301   0.00    0    0.03 C-  275 A    0.00 XXX   0 X    0.09 ASP 248 A
ARG 249 A                                            0.00 XXX   0 X    0.00 XXX   0 X    0.39 C-  275 A

N+    1 A   7.83     0 %   -0.20  155   0.00    0    0.00 XXX   0 X    0.00 XXX   0 X    0.02 ASP  41 A

Coupled residues (marked *) were detected.Please rerun PropKa with the --display-coupled-residues 
or -d option for detailed information.

2026-09-08 18:02:51,003 INFO:output.py:227:print_pka_section:pKa summary:
--------------------------------------------------------------------------------------------------------
SUMMARY OF THIS PREDICTION
       Group      pKa  model-pKa   ligand atom-type
   ASP  32 A     3.76       3.80                      
   ASP  36 A     2.37       3.80                      
   ASP  41 A     3.61       3.80                      
   ASP  60 A     5.04       3.80                      
   ASP  97 A     2.12       3.80                      
   ASP 120 A     4.79       3.80                      
   ASP 140 A     2.50       3.80                      
   ASP 197 A     6.12       3.80                      
   ASP 248 A     3.96       3.80                      
   GLU  54 A     2.94       4.50                      
   GLU 112 A     4.20       4.50                      
   GLU 156 A     4.67       4.50                      
   GLU 195 A     3.77       4.50                      
   GLU 251 A     4.86       4.50                      
   C-  275 A     2.85       3.20                      
   HIS  17 A     5.50       6.50                      
   HIS  39 A     5.76       6.50                      
   HIS  64 A     8.23       6.50                      
   HIS  67 A     3.94       6.50                      
   HIS 226 A     3.72       6.50                      
   HIS 238 A     6.31       6.50                      
   TYR   6 A    11.78      10.00                      
   TYR  21 A    10.04      10.00                      
   TYR  58 A    10.50      10.00                      
   TYR  91 A    10.29      10.00                      
   TYR 104 A    11.35      10.00                      
   TYR 167 A     9.94      10.00                      
   TYR 171 A    10.69      10.00                      
   TYR 214 A    12.29      10.00                      
   TYR 217 A    10.65      10.00                      
   TYR 256 A    10.29      10.00                      
   TYR 262 A    10.18      10.00                      
   TYR 263 A    10.00      10.00                      
   LYS  12 A    10.27      10.50                      
   LYS  27 A    10.73      10.50                      
   LYS  94 A    10.34      10.50                      
   LYS 136 A    11.46      10.50                      
   LYS 141 A    10.98      10.50                      
   LYS 170 A    11.01      10.50                      
   LYS 237 A    10.30      10.50                      
   LYS 265 A    10.60      10.50                      
   ARG  45 A    12.38      12.50                      
   ARG 186 A    11.86      12.50                      
   ARG 247 A    13.16      12.50                      
   ARG 249 A    12.45      12.50                      
   N+    1 A     7.83       8.00                      

2026-09-08 18:02:51,008 INFO:main.py:648:non_trivial:PROPKA information:
--------------------------------------------------------------------------------------------------------
Free energy of   folding (kcal/mol) as a function of pH (using neutral reference)
  0.00     18.14
  1.00     18.05
  2.00     17.36
  3.00     14.62
  4.00     11.15
  5.00      9.59
  6.00      7.79
  7.00      6.44
  8.00      6.85
  9.00      7.52
 10.00      9.86
 11.00     15.21
 12.00     18.80
 13.00     19.81
 14.00     20.12

The pH of optimum stability is  7.1 for which the free energy is    6.4 kcal/mol at 298K
Could not determine pH values where the free energy is within 80 % of minimum
Could not determine the pH-range where the free energy is negative


Protein charge of folded and unfolded state as a function of pH
    pH  unfolded  folded
  0.00     19.00   18.98
  0.10     19.00   18.98
  0.20     19.00   18.97
  0.30     19.00   18.96
  0.40     18.99   18.95
  0.50     18.99   18.94
  0.60     18.99   18.93
  0.70     18.99   18.91
  0.80     18.99   18.88
  0.90     18.98   18.86
  1.00     18.98   18.82
  1.10     18.97   18.78
  1.20     18.97   18.72
  1.30     18.96   18.66
  1.40     18.94   18.58
  1.50     18.93   18.48
  1.60     18.91   18.37
  1.70     18.89   18.23
  1.80     18.86   18.08
  1.90     18.83   17.89
  2.00     18.78   17.69
  2.10     18.73   17.46
  2.20     18.66   17.20
  2.30     18.58   16.92
  2.40     18.48   16.62
  2.50     18.35   16.30
  2.60     18.20   15.96
  2.70     18.02   15.60
  2.80     17.80   15.23
  2.90     17.54   14.85
  3.00     17.23   14.45
  3.10     16.87   14.03
  3.20     16.45   13.60
  3.30     15.98   13.15
  3.40     15.45   12.68
  3.50     14.87   12.19
  3.60     14.24   11.69
  3.70     13.56   11.17
  3.80     12.86   10.64
  3.90     12.13   10.10
  4.00     11.40    9.56
  4.10     10.67    9.02
  4.20      9.95    8.49
  4.30      9.26    7.97
  4.40      8.61    7.46
  4.50      7.98    6.96
  4.60      7.41    6.47
  4.70      6.88    6.00
  4.80      6.39    5.54
  4.90      5.96    5.09
  5.00      5.57    4.66
  5.10      5.21    4.24
  5.20      4.90    3.84
  5.30      4.61    3.45
  5.40      4.34    3.08
  5.50      4.09    2.73
  5.60      3.84    2.38
  5.70      3.59    2.06
  5.80      3.33    1.74
  5.90      3.05    1.44
  6.00      2.76    1.15
  6.10      2.45    0.89
  6.20      2.11    0.63
  6.30      1.76    0.40
  6.40      1.40    0.18
  6.50      1.03   -0.02
  6.60      0.67   -0.20
  6.70      0.31   -0.37
  6.80     -0.03   -0.52
  6.90     -0.35   -0.66
  7.00     -0.64   -0.78
  7.10     -0.91   -0.90
  7.20     -1.15   -1.02
  7.30     -1.36   -1.13
  7.40     -1.56   -1.25
  7.50     -1.73   -1.36
  7.60     -1.90   -1.48
  7.70     -2.05   -1.60
  7.80     -2.19   -1.73
  7.90     -2.32   -1.86
  8.00     -2.46   -2.00
  8.10     -2.59   -2.14
  8.20     -2.72   -2.28
  8.30     -2.86   -2.42
  8.40     -3.00   -2.56
  8.50     -3.15   -2.70
  8.60     -3.31   -2.85
  8.70     -3.49   -3.00
  8.80     -3.70   -3.15
  8.90     -3.94   -3.33
  9.00     -4.23   -3.51
  9.10     -4.56   -3.73
  9.20     -4.95   -3.97
  9.30     -5.42   -4.26
  9.40     -5.96   -4.59
  9.50     -6.58   -4.97
  9.60     -7.29   -5.41
  9.70     -8.08   -5.91
  9.80     -8.96   -6.48
  9.90     -9.91   -7.12
 10.00    -10.92   -7.82
 10.10    -11.97   -8.58
 10.20    -13.04   -9.38
 10.30    -14.11  -10.23
 10.40    -15.15  -11.10
 10.50    -16.15  -11.99
 10.60    -17.10  -12.88
 10.70    -17.97  -13.75
 10.80    -18.76  -14.60
 10.90    -19.48  -15.43
 11.00    -20.11  -16.22
 11.10    -20.66  -16.98
 11.20    -21.15  -17.69
 11.30    -21.57  -18.37
 11.40    -21.94  -19.01
 11.50    -22.27  -19.62
 11.60    -22.56  -20.19
 11.70    -22.84  -20.74
 11.80    -23.10  -21.26
 11.90    -23.35  -21.75
 12.00    -23.60  -22.22
 12.10    -23.85  -22.67
 12.20    -24.10  -23.09
 12.30    -24.36  -23.49
 12.40    -24.62  -23.87
 12.50    -24.88  -24.22
 12.60    -25.14  -24.55
 12.70    -25.38  -24.85
 12.80    -25.61  -25.13
 12.90    -25.81  -25.38
 13.00    -26.00  -25.60
 13.10    -26.17  -25.80
 13.20    -26.31  -25.98
 13.30    -26.43  -26.14
 13.40    -26.54  -26.28
 13.50    -26.62  -26.40
 13.60    -26.70  -26.50
 13.70    -26.76  -26.59
 13.80    -26.80  -26.67
 13.90    -26.84  -26.73
 14.00    -26.87  -26.78
The pI is  6.49 (folded) and  6.79 (unfolded)

--------------------------------------------------------------------------------------------------------
2026-09-08 18:02:51,009 INFO:biomolecule.py:797:apply_pka_values:Applying pKa values at a pH of 4.00:
2026-09-08 18:02:51,011 INFO:main.py:661:non_trivial:Adding hydrogens to biomolecule.
2026-09-08 18:02:51,098 INFO:main.py:664:non_trivial:Debumping biomolecule (again).
2026-09-08 18:02:51,199 INFO:main.py:666:non_trivial:Optimizing hydrogen bonds
2026-09-08 18:02:51,489 INFO:main.py:678:non_trivial:Applying force field to biomolecule states.
2026-09-08 18:02:51,492 INFO:main.py:725:non_trivial:Regenerating headers.
2026-09-08 18:02:51,492 INFO:main.py:750:non_trivial:Regenerating PDB lines.
2026-09-08 18:02:51,544 WARNING:main.py:326:print_pqr:Ignoring 465 header lines in output.
