2026-09-08 17:58:43,668 INFO:main.py:246:print_splash_screen:PDB2PQR v3.7.1: biomolecular structure conversion software.
2026-09-08 17:58:43,669 INFO:main.py:248:print_splash_screen:Please cite:  Jurrus E, et al.  Improvements to the APBS biomolecular solvation software suite.  Protein Sci 27 112-128 (2018).
2026-09-08 17:58:43,670 INFO:main.py:248:print_splash_screen:Please cite:  Dolinsky TJ, et al.  PDB2PQR: expanding and upgrading automated preparation of biomolecular structures for molecular simulations. Nucleic Acids Res 35 W522-W525 (2007).
2026-09-08 17:58:43,670 INFO:main.py:770:main_driver:Checking and transforming input arguments.
2026-09-08 17:58:43,672 INFO:main.py:774:main_driver:Loading topology files.
2026-09-08 17:58:43,701 INFO:main.py:776:main_driver:Loading molecule: /mnt/c/Users/USER/Desktop/schizochytrium-hs6-genomics/results/lysis_enzymes/structures/subtilisin_carlsberg.pdb
2026-09-08 17:58:43,703 ERROR:pdb.py:2587:read_pdb:Error parsing line: 'PARENT'
2026-09-08 17:58:43,706 ERROR:pdb.py:2588:read_pdb:<PARENT N/A>
2026-09-08 17:58:43,707 ERROR:pdb.py:2589:read_pdb:Truncating remaining errors for record type:PARENT
2026-09-08 17:58:43,716 WARNING:io.py:474:get_molecule:Warning: /mnt/c/Users/USER/Desktop/schizochytrium-hs6-genomics/results/lysis_enzymes/structures/subtilisin_carlsberg.pdb is a non-standard PDB file.

2026-09-08 17:58:43,716 ERROR:io.py:475:get_molecule:['PARENT']
2026-09-08 17:58:43,717 INFO:main.py:781:main_driver:Setting up molecule.
2026-09-08 17:58:43,723 INFO:main.py:423:setup_molecule:Created biomolecule object with 379 residues and 2732 atoms.
2026-09-08 17:58:43,723 INFO:main.py:785:main_driver:Setting termini states for biomolecule chains.
2026-09-08 17:58:43,728 INFO:main.py:616:non_trivial:Loading forcefield.
2026-09-08 17:58:43,740 INFO:main.py:620:non_trivial:Loading hydrogen topology definitions.
2026-09-08 17:58:43,743 WARNING:biomolecule.py:157:num_missing_heavy:Missing atom OXT in residue GLN A 379
2026-09-08 17:58:43,744 WARNING:biomolecule.py:157:num_missing_heavy:Missing atom OXT in residue GLN A 379
2026-09-08 17:58:43,745 INFO:main.py:630:non_trivial:Attempting to repair 1 missing atoms in biomolecule.
2026-09-08 17:58:43,745 WARNING:biomolecule.py:157:num_missing_heavy:Missing atom OXT in residue GLN A 379
2026-09-08 17:58:43,746 INFO:biomolecule.py:1080:repair_heavy:Added atom OXT to residue GLN A 379 at coordinates 12.989, -15.568, 12.723
2026-09-08 17:58:43,747 INFO:main.py:635:non_trivial:Updating disulfide bridges.
2026-09-08 17:58:43,747 INFO:main.py:638:non_trivial:Debumping biomolecule.
2026-09-08 17:58:43,781 INFO:main.py:645:non_trivial:Assigning titration states with PROPKA.
2026-09-08 17:58:43,789 INFO:output.py:74:print_header:
propka3.5.1                                                                                  2026-09-08

-------------------------------------------------------------------------------
--                                                                           --
--  PROPKA: A PROTEIN PKA PREDICTOR                                          --
--                                                                           --
--  VERSION 1.0,  04/25/2004,  IOWA CITY                                     --
--  BY HUI LI                                                                --
--                                                                           --
--  VERSION 2.0,  11/05/2007, IOWA CITY/COPENHAGEN                           --
--  BY DELPHINE C. BAS AND DAVID M. ROGERS                                   --
--                                                                           --
--  VERSION 3.0,  01/06/2011, COPENHAGEN                                     --
--  BY MATS H.M. OLSSON AND CHRESTEN R. SONDERGARD                           --
--                                                                           --
--  VERSION 3.1,  07/01/2011, COPENHAGEN                                     --
--  BY CHRESTEN R. SONDERGARD AND MATS H.M. OLSSON                           --
--                                                                           --
--  VERSION 3.2,  06/17/2020, PLANET EARTH                                   --
--  SEE ABOVE FOR AUTHORS                                                    --
--                                                                           --
-------------------------------------------------------------------------------


-------------------------------------------------------------------------------
References:

Very Fast Empirical Prediction and Rationalization of Protein pKa Values.
Hui Li, Andrew D. Robertson and Jan H. Jensen. PROTEINS: Structure, Function,
and Bioinformatics. 61:704-721 (2005)

Very Fast Prediction and Rationalization of pKa Values for Protein-Ligand
Complexes.  Delphine C. Bas, David M. Rogers and Jan H. Jensen.  PROTEINS:
Structure, Function, and Bioinformatics 73:765-783 (2008)

PROPKA3: Consistent Treatment of Internal and Surface Residues in Empirical
pKa predictions.  Mats H.M. Olsson, Chresten R. Sondergard, Michal Rostkowski,
and Jan H. Jensen.  Journal of Chemical Theory and Computation, 7(2):525-537
(2011)

Improved Treatment of Ligands and Coupling Effects in Empirical Calculation
and Rationalization of pKa Values.  Chresten R. Sondergaard, Mats H.M. Olsson,
Michal Rostkowski, and Jan H. Jensen.  Journal of Chemical Theory and
Computation, (2011)
-------------------------------------------------------------------------------



2026-09-08 17:58:43,835 INFO:conformation_container.py:124:find_covalently_coupled_groups:Coupling map:

2026-09-08 17:58:43,836 INFO:conformation_container.py:213:calculate_pka:Calculating pKas for Conformation container 1A with 3217 atoms and 922 groups
2026-09-08 17:58:43,992 INFO:output.py:225:print_pka_section:pKa determinants:

---------  -----   ------   ---------------------    --------------    --------------    --------------
                            DESOLVATION  EFFECTS       SIDECHAIN          BACKBONE        COULOMBIC
 RESIDUE    pKa    BURIED     REGULAR      RE        HYDROGEN BOND     HYDROGEN BOND      INTERACTION
---------  -----   ------   ---------   ---------    --------------    --------------    --------------

ASP  25 A   3.92     0 %    0.12   68   0.00    0    0.00 XXX   0 X    0.00 XXX   0 X    0.00 XXX   0 X

ASP  39 A   3.83     0 %    0.43  261   0.00    0    0.00 XXX   0 X    0.00 XXX   0 X   -0.33 LYS  76 A
ASP  39 A                                            0.00 XXX   0 X    0.00 XXX   0 X   -0.25 LYS  78 A
ASP  39 A                                            0.00 XXX   0 X    0.00 XXX   0 X    0.17 ASP  99 A

ASP  56 A   3.94     0 %    0.34  216   0.00    0    0.00 XXX   0 X    0.00 XXX   0 X   -0.08 LYS  55 A
ASP  56 A                                            0.00 XXX   0 X    0.00 XXX   0 X   -0.12 LYS  59 A

ASP  66 A   4.07     0 %    0.50  275   0.00    0    0.00 XXX   0 X    0.00 XXX   0 X   -0.05 LYS  64 A
ASP  66 A                                            0.00 XXX   0 X    0.00 XXX   0 X   -0.15 LYS  76 A
ASP  66 A                                            0.00 XXX   0 X    0.00 XXX   0 X   -0.27 LYS  78 A
ASP  66 A                                            0.00 XXX   0 X    0.00 XXX   0 X    0.22 ASP  39 A
ASP  66 A                                            0.00 XXX   0 X    0.00 XXX   0 X    0.02 ASP  99 A

ASP  80 A   3.10     0 %    0.54  271   0.00    0    0.00 XXX   0 X   -0.40 GLU  82 A   -0.02 LYS  64 A
ASP  80 A                                            0.00 XXX   0 X   -0.82 ALA  83 A    0.00 XXX   0 X

ASP  90 A   3.96    14 %    0.94  321   0.03    0    0.00 XXX   0 X   -0.76 ASP  92 A   -0.05 LYS  45 A

ASP  92 A   4.27     0 %    0.36  241   0.00    0    0.00 XXX   0 X    0.00 XXX   0 X   -0.12 LYS  45 A
ASP  92 A                                            0.00 XXX   0 X    0.00 XXX   0 X    0.24 ASP  90 A

ASP  99 A   3.17     0 %    0.42  258   0.00    0   -0.60 LYS  76 A    0.00 XXX   0 X   -0.02 LYS  67 A
ASP  99 A                                            0.00 XXX   0 X    0.00 XXX   0 X   -0.07 HIS 100 A
ASP  99 A                                            0.00 XXX   0 X    0.00 XXX   0 X   -0.36 LYS  76 A

ASP 119 A   3.85    18 %    0.92  333   0.07    0   -0.15 LYS 120 A   -0.25 ASP 119 A   -0.03 LYS 117 A
ASP 119 A                                            0.00 XXX   0 X   -0.18 LYS 120 A   -0.34 LYS 120 A

ASP 137 A   4.39   100 %    3.75  613   0.84    0   -0.25 THR 138 A   -0.59 THR 138 A   -0.11 LYS 198 A
ASP 137 A                                           -1.60 HIS 168 A    0.00 XXX   0 X    0.58 ASP 164 A
ASP 137 A                                            0.00 XXX   0 X    0.00 XXX   0 X   -2.03 HIS 168 A

ASP 146 A   3.60    37 %    1.63  384   0.50    0   -0.57 ASN 181 A   -0.80 VAL 185 A   -0.34 HIS 144 A
ASP 146 A                                           -0.61 TYR 318 A    0.00 XXX   0 X    0.00 XXX   0 X

ASP 164 A   3.22    73 %    3.12  486   0.44    0   -0.73 THR 138 A   -0.58 ASN 166 A   -0.32 LYS 198 A
ASP 164 A                                           -0.68 THR 170 A   -0.77 GLY 167 A    0.04 GLU 159 A
ASP 164 A                                            0.00 XXX   0 X   -0.03 GLY 169 A   -0.24 HIS 168 A
ASP 164 A                                            0.00 XXX   0 X   -0.80 THR 170 A   -0.01 HIS 171 A

ASP 180 A   3.07    13 %    0.53  318   0.00    0   -0.85 LYS 127 A    0.00 XXX   0 X   -0.42 LYS 127 A

ASP 224 A   4.71    53 %    1.26  429   0.63    0    0.00 XXX   0 X   -0.85 LYS 132 A   -0.13 LYS 132 A

ASP 244 A   2.56    10 %    0.76  309   0.08    0   -0.85 SER 277 A    0.00 XXX   0 X   -0.38 LYS 240 A
ASP 244 A                                           -0.85 LYS 240 A    0.00 XXX   0 X    0.00 XXX   0 X

ASP 276 A   3.86     5 %    0.23  295   0.01    0    0.00 XXX   0 X    0.00 XXX   0 X   -0.16 LYS 240 A
ASP 276 A                                            0.00 XXX   0 X    0.00 XXX   0 X   -0.12 ARG 351 A
ASP 276 A                                            0.00 XXX   0 X    0.00 XXX   0 X    0.09 ASP 244 A

ASP 285 A   2.82     6 %    0.83  298   0.04    0   -0.66 ASN 289 A   -0.07 ASP 285 A    0.00 XXX   0 X
ASP 285 A                                            0.00 XXX   0 X   -0.56 ASN 287 A    0.00 XXX   0 X
ASP 285 A                                            0.00 XXX   0 X   -0.04 SER 288 A    0.00 XXX   0 X
ASP 285 A                                            0.00 XXX   0 X   -0.52 ASN 289 A    0.00 XXX   0 X

GLU  37 A   4.17     0 %    0.35  251   0.00    0   -0.35 LYS  64 A    0.00 XXX   0 X   -0.16 LYS  78 A
GLU  37 A                                            0.00 XXX   0 X    0.00 XXX   0 X    0.04 ASP  39 A
GLU  37 A                                            0.00 XXX   0 X    0.00 XXX   0 X    0.06 ASP  66 A
GLU  37 A                                            0.00 XXX   0 X    0.00 XXX   0 X    0.11 ASP  80 A
GLU  37 A                                            0.00 XXX   0 X    0.00 XXX   0 X   -0.38 LYS  64 A

GLU  60 A   4.97     0 %    0.21  209   0.00    0    0.00 XXX   0 X    0.00 XXX   0 X    0.16 ASP  56 A
GLU  60 A                                            0.00 XXX   0 X    0.00 XXX   0 X    0.01 GLU  86 A
GLU  60 A                                            0.00 XXX   0 X    0.00 XXX   0 X    0.09 ASP  90 A

GLU  82 A   4.78     0 %    0.14  181   0.00    0    0.00 XXX   0 X    0.00 XXX   0 X   -0.03 LYS  81 A
GLU  82 A                                            0.00 XXX   0 X    0.00 XXX   0 X   -0.04 LYS  85 A
GLU  82 A                                            0.00 XXX   0 X    0.00 XXX   0 X    0.21 ASP  80 A

GLU  86 A   4.95     0 %    0.32  236   0.00    0    0.00 XXX   0 X    0.00 XXX   0 X   -0.04 LYS  85 A
GLU  86 A                                            0.00 XXX   0 X    0.00 XXX   0 X    0.07 ASP  80 A
GLU  86 A                                            0.00 XXX   0 X    0.00 XXX   0 X    0.10 GLU  82 A

GLU  97 A   4.74     0 %    0.27  229   0.00    0    0.00 XXX   0 X    0.00 XXX   0 X   -0.04 HIS 100 A

GLU  98 A   4.20     0 %    0.32  219   0.00    0    0.00 XXX   0 X    0.00 XXX   0 X   -0.38 LYS  38 A
GLU  98 A                                            0.00 XXX   0 X    0.00 XXX   0 X   -0.01 LYS  88 A
GLU  98 A                                            0.00 XXX   0 X    0.00 XXX   0 X    0.02 ASP  39 A
GLU  98 A                                            0.00 XXX   0 X    0.00 XXX   0 X    0.02 ASP  99 A
GLU  98 A                                            0.00 XXX   0 X    0.00 XXX   0 X   -0.27 HIS 100 A

GLU 159 A   3.03     0 %    0.60  271   0.00    0   -0.37 SER 202 A   -0.44 SER 202 A   -0.45 LYS 198 A
GLU 159 A                                           -0.80 LYS 198 A    0.00 XXX   0 X    0.00 XXX   0 X

GLU 216 A   4.63     0 %    0.18  249   0.00    0    0.00 XXX   0 X    0.00 XXX   0 X   -0.05 LYS 249 A

GLU 299 A   3.97    22 %    0.98  344   0.03    0   -0.73 ASN 267 A   -0.56 GLU 299 A   -0.32 LYS 274 A
GLU 299 A                                            0.00 XXX   0 X    0.00 XXX   0 X    0.06 ASP 276 A

GLU 301 A   5.89    83 %    2.78  514   0.50    0   -0.91 ARG 351 A    0.00 XXX   0 X   -0.07 LYS 369 A
GLU 301 A                                            0.00 XXX   0 X    0.00 XXX   0 X    0.01 ASP 276 A
GLU 301 A                                            0.00 XXX   0 X    0.00 XXX   0 X   -0.91 ARG 351 A

GLU 375 A   4.60     0 %    0.37  255   0.00    0    0.00 XXX   0 X    0.00 XXX   0 X   -0.19 LYS 117 A
GLU 375 A                                            0.00 XXX   0 X    0.00 XXX   0 X   -0.14 LYS 120 A
GLU 375 A                                            0.00 XXX   0 X    0.00 XXX   0 X   -0.04 LYS 341 A
GLU 375 A                                            0.00 XXX   0 X    0.00 XXX   0 X    0.09 ASP 119 A

C-  379 A   2.25     0 %    0.39  274   0.00    0   -0.53 ARG 353 A    0.00 XXX   0 X   -0.18 LYS 341 A
C-  379 A                                            0.00 XXX   0 X    0.00 XXX   0 X   -0.24 HIS 342 A
C-  379 A                                            0.00 XXX   0 X    0.00 XXX   0 X   -0.38 ARG 353 A

HIS 100 A   6.58     0 %   -0.26  175   0.00    0    0.00 XXX   0 X    0.00 XXX   0 X   -0.04 LYS  38 A
HIS 100 A                                            0.00 XXX   0 X    0.00 XXX   0 X    0.04 GLU  97 A
HIS 100 A                                            0.00 XXX   0 X    0.00 XXX   0 X    0.27 GLU  98 A
HIS 100 A                                            0.00 XXX   0 X    0.00 XXX   0 X    0.07 ASP  99 A

HIS 103 A   6.33     0 %   -0.17  104   0.00    0    0.00 XXX   0 X    0.00 XXX   0 X    0.00 XXX   0 X

HIS 144 A   5.46    52 %   -2.06  426   0.00    0    0.00 XXX   0 X    0.68 THR 317 A    0.34 ASP 146 A

HIS 168 A   8.25    91 %   -2.12  535   0.00    0    1.60 ASP 137 A    0.00 XXX   0 X    0.24 ASP 164 A
HIS 168 A                                            0.00 XXX   0 X    0.00 XXX   0 X    2.03 ASP 137 A

HIS 171 A   3.87    85 %   -2.98  520   0.00    0    0.00 XXX   0 X    0.03 HIS 171 A    0.01 ASP 164 A
HIS 171 A                                            0.00 XXX   0 X    0.36 VAL 309 A   -0.27 HIS 168 A
HIS 171 A                                            0.00 XXX   0 X    0.23 ALA 319 A    0.00 XXX   0 X

HIS 330 A   3.71   100 %   -3.26  648   0.00    0    0.00 XXX   0 X    0.01 PRO 305 A   -0.14 HIS 171 A
HIS 330 A                                            0.00 XXX   0 X    0.60 MET 326 A    0.00 XXX   0 X

HIS 342 A   6.29     8 %   -0.60  305   0.00    0    0.00 XXX   0 X    0.63 ALA 378 A   -0.18 LYS 341 A
HIS 342 A                                            0.00 XXX   0 X    0.00 XXX   0 X   -0.30 ARG 353 A
HIS 342 A                                            0.00 XXX   0 X    0.00 XXX   0 X    0.24 C-  379 A

TYR  40 A  10.70     7 %    0.65  300   0.00    0    0.00 XXX   0 X    0.00 XXX   0 X    0.01 ASP  39 A
TYR  40 A                                            0.00 XXX   0 X    0.00 XXX   0 X    0.02 ASP  80 A
TYR  40 A                                            0.00 XXX   0 X    0.00 XXX   0 X    0.25 GLU  98 A
TYR  40 A                                            0.00 XXX   0 X    0.00 XXX   0 X   -0.23 LYS  38 A

TYR  95 A  10.72     9 %    0.52  307   0.00    0    0.00 XXX   0 X    0.00 XXX   0 X    0.20 GLU  97 A

TYR 111 A  12.18    55 %    2.09  434   0.00    0    0.00 XXX   0 X   -0.07 ALA 307 A    0.16 ASP 285 A

TYR 161 A  10.29     2 %    0.29  286   0.00    0    0.00 XXX   0 X    0.00 XXX   0 X    0.00 XXX   0 X

TYR 195 A  10.27    10 %    0.59  310   0.00    0    0.00 XXX   0 X    0.00 XXX   0 X    0.02 ASP 224 A
TYR 195 A                                            0.00 XXX   0 X    0.00 XXX   0 X   -0.35 LYS 132 A

TYR 208 A  10.58     9 %    0.59  307   0.00    0    0.00 XXX   0 X   -0.05 SER 234 A    0.03 TYR 271 A

TYR 247 A   9.68    24 %    0.99  349   0.00    0   -0.85 SER 348 A    0.00 XXX   0 X    0.13 GLU 301 A
TYR 247 A                                           -0.25 ARG 351 A    0.00 XXX   0 X   -0.34 ARG 351 A

TYR 271 A   9.94*    0 %    0.39  276   0.00    0   -0.16 LYS 274 A    0.00 XXX   0 X    0.10 GLU 299 A
TYR 271 A                                            0.00 XXX   0 X    0.00 XXX   0 X   -0.38 LYS 274 A

TYR 275 A  10.76    17 %    1.31  329   0.00    0    0.00 XXX   0 X   -0.81 SER 236 A    0.05 ASP 244 A
TYR 275 A                                            0.00 XXX   0 X    0.00 XXX   0 X    0.12 TYR 208 A
TYR 275 A                                            0.00 XXX   0 X    0.00 XXX   0 X   -0.08 LYS 240 A
TYR 275 A                                            0.00 XXX   0 X    0.00 XXX   0 X    0.19 TYR 271 A
TYR 275 A                                            0.00 XXX   0 X    0.00 XXX   0 X   -0.02 LYS 274 A

TYR 310 A  11.19    21 %    1.13  339   0.00    0    0.00 XXX   0 X    0.00 XXX   0 X    0.06 ASP 146 A

TYR 313 A  10.54    10 %    0.39  308   0.00    0    0.00 XXX   0 X    0.00 XXX   0 X    0.15 ASP 164 A

TYR 318 A  12.47    23 %    1.16  347   0.00    0    0.61 ASP 146 A    0.00 XXX   0 X    0.20 TYR 310 A
TYR 318 A                                            0.00 XXX   0 X    0.00 XXX   0 X    0.51 ASP 146 A

TYR 360 A  10.27     0 %    0.27  182   0.00    0    0.00 XXX   0 X    0.00 XXX   0 X    0.00 XXX   0 X

TYR 366 A  10.24     0 %    0.34  219   0.00    0    0.00 XXX   0 X    0.00 XXX   0 X   -0.10 ARG 290 A

TYR 367 A  10.40    15 %    0.55  323   0.00    0   -0.01 ARG 290 A   -0.01 ARG 290 A    0.03 ASP 285 A
TYR 367 A                                            0.00 XXX   0 X    0.00 XXX   0 X   -0.22 ARG 290 A
TYR 367 A                                            0.00 XXX   0 X    0.00 XXX   0 X    0.02 TYR 360 A
TYR 367 A                                            0.00 XXX   0 X    0.00 XXX   0 X    0.03 TYR 366 A

LYS   4 A  10.45     0 %   -0.05   48   0.00    0    0.00 XXX   0 X    0.00 XXX   0 X    0.00 XXX   0 X

LYS   5 A  10.47     0 %   -0.03   47   0.00    0    0.00 XXX   0 X    0.00 XXX   0 X    0.00 XXX   0 X

LYS  34 A  10.46     0 %   -0.04   72   0.00    0    0.00 XXX   0 X    0.00 XXX   0 X    0.00 XXX   0 X

LYS  38 A  10.93     0 %   -0.17  190   0.00    0    0.00 XXX   0 X    0.00 XXX   0 X    0.38 GLU  98 A
LYS  38 A                                            0.00 XXX   0 X    0.00 XXX   0 X    0.23 TYR  40 A

LYS  45 A  10.39     0 %   -0.28  176   0.00    0    0.00 XXX   0 X    0.00 XXX   0 X    0.05 ASP  90 A
LYS  45 A                                            0.00 XXX   0 X    0.00 XXX   0 X    0.12 ASP  92 A

LYS  49 A  10.44     0 %   -0.06  100   0.00    0    0.00 XXX   0 X    0.00 XXX   0 X    0.00 XXX   0 X

LYS  54 A   9.75     5 %   -0.75  296   0.00    0    0.00 XXX   0 X    0.00 XXX   0 X    0.00 XXX   0 X

LYS  55 A  11.22*    0 %   -0.21  189   0.00    0    0.85 LYS  59 A    0.00 XXX   0 X    0.08 ASP  56 A

LYS  59 A   8.96*    0 %   -0.43  189   0.00    0   -0.85 LYS  55 A    0.00 XXX   0 X    0.12 ASP  56 A
LYS  59 A                                            0.00 XXX   0 X    0.00 XXX   0 X   -0.38 LYS  55 A

LYS  64 A  11.11     0 %   -0.20  205   0.00    0    0.35 GLU  37 A    0.00 XXX   0 X    0.05 ASP  66 A
LYS  64 A                                            0.00 XXX   0 X    0.00 XXX   0 X    0.02 ASP  80 A
LYS  64 A                                            0.00 XXX   0 X    0.00 XXX   0 X    0.38 GLU  37 A

LYS  67 A  10.29     0 %   -0.16  173   0.00    0    0.00 XXX   0 X    0.00 XXX   0 X    0.02 ASP  99 A
LYS  67 A                                            0.00 XXX   0 X    0.00 XXX   0 X   -0.07 LYS  76 A

LYS  76 A  11.64     0 %   -0.31  232   0.00    0    0.60 ASP  99 A    0.00 XXX   0 X    0.33 ASP  39 A
LYS  76 A                                            0.00 XXX   0 X    0.00 XXX   0 X    0.15 ASP  66 A
LYS  76 A                                            0.00 XXX   0 X    0.00 XXX   0 X    0.36 ASP  99 A

LYS  78 A  10.83     0 %   -0.17  208   0.00    0    0.00 XXX   0 X    0.00 XXX   0 X    0.16 GLU  37 A
LYS  78 A                                            0.00 XXX   0 X    0.00 XXX   0 X    0.25 ASP  39 A
LYS  78 A                                            0.00 XXX   0 X    0.00 XXX   0 X    0.27 ASP  66 A
LYS  78 A                                            0.00 XXX   0 X    0.00 XXX   0 X   -0.11 LYS  64 A
LYS  78 A                                            0.00 XXX   0 X    0.00 XXX   0 X   -0.07 LYS  76 A

LYS  81 A  10.46     0 %   -0.07  139   0.00    0    0.00 XXX   0 X    0.00 XXX   0 X    0.03 GLU  82 A

LYS  85 A  10.50     0 %   -0.08  115   0.00    0    0.00 XXX   0 X    0.00 XXX   0 X    0.04 GLU  82 A
LYS  85 A                                            0.00 XXX   0 X    0.00 XXX   0 X    0.04 GLU  86 A

LYS  88 A  10.24     0 %   -0.27  271   0.00    0    0.00 XXX   0 X    0.00 XXX   0 X    0.01 GLU  98 A

LYS 117 A  10.44     0 %   -0.24  267   0.00    0    0.00 XXX   0 X    0.00 XXX   0 X    0.03 ASP 119 A
LYS 117 A                                            0.00 XXX   0 X    0.00 XXX   0 X    0.19 GLU 375 A
LYS 117 A                                            0.00 XXX   0 X    0.00 XXX   0 X   -0.04 LYS 120 A

LYS 120 A  10.95     0 %   -0.17  195   0.00    0    0.15 ASP 119 A    0.00 XXX   0 X    0.34 ASP 119 A
LYS 120 A                                            0.00 XXX   0 X    0.00 XXX   0 X    0.14 GLU 375 A

LYS 127 A  11.25     8 %   -0.52  304   0.00    0    0.85 ASP 180 A    0.00 XXX   0 X    0.42 ASP 180 A

LYS 132 A  10.72     0 %   -0.26  270   0.00    0    0.00 XXX   0 X    0.00 XXX   0 X    0.13 ASP 224 A
LYS 132 A                                            0.00 XXX   0 X    0.00 XXX   0 X    0.35 TYR 195 A

LYS 198 A  10.36    41 %   -1.82  395   0.00    0    0.80 GLU 159 A    0.00 XXX   0 X    0.11 ASP 137 A
LYS 198 A                                            0.00 XXX   0 X    0.00 XXX   0 X    0.32 ASP 164 A
LYS 198 A                                            0.00 XXX   0 X    0.00 XXX   0 X    0.45 GLU 159 A

LYS 240 A  11.62     0 %   -0.35  248   0.00    0    0.85 ASP 244 A    0.00 XXX   0 X    0.16 ASP 276 A
LYS 240 A                                            0.00 XXX   0 X    0.00 XXX   0 X    0.08 TYR 275 A
LYS 240 A                                            0.00 XXX   0 X    0.00 XXX   0 X    0.38 ASP 244 A

LYS 249 A  10.33     0 %   -0.22  223   0.00    0    0.00 XXX   0 X    0.00 XXX   0 X    0.05 GLU 216 A

LYS 274 A  11.05*    2 %   -0.33  286   0.00    0    0.16 TYR 271 A    0.00 XXX   0 X    0.32 GLU 299 A
LYS 274 A                                            0.00 XXX   0 X    0.00 XXX   0 X    0.02 TYR 275 A
LYS 274 A                                            0.00 XXX   0 X    0.00 XXX   0 X    0.38 TYR 271 A

LYS 341 A  10.11     0 %   -0.56  280   0.00    0    0.00 XXX   0 X    0.00 XXX   0 X   -0.05 ARG 353 A
LYS 341 A                                            0.00 XXX   0 X    0.00 XXX   0 X    0.04 GLU 375 A
LYS 341 A                                            0.00 XXX   0 X    0.00 XXX   0 X    0.18 C-  379 A

LYS 369 A  10.41     0 %   -0.16  279   0.00    0    0.00 XXX   0 X    0.00 XXX   0 X    0.07 GLU 301 A
LYS 369 A                                            0.00 XXX   0 X    0.00 XXX   0 X   -0.00 ARG 351 A

ARG   3 A  12.47     0 %   -0.03   38   0.00    0    0.00 XXX   0 X    0.00 XXX   0 X    0.00 XXX   0 X

ARG  70 A  12.45     0 %   -0.05   93   0.00    0    0.00 XXX   0 X    0.00 XXX   0 X    0.00 XXX   0 X

ARG 290 A  11.93    29 %   -0.90  362   0.00    0    0.01 TYR 367 A    0.00 XXX   0 X    0.10 TYR 366 A
ARG 290 A                                            0.00 XXX   0 X    0.00 XXX   0 X    0.22 TYR 367 A

ARG 351 A  13.59    59 %   -1.45  447   0.00    0    0.25 TYR 247 A    0.00 XXX   0 X    0.12 ASP 276 A
ARG 351 A                                            0.91 GLU 301 A    0.00 XXX   0 X    0.34 TYR 247 A
ARG 351 A                                            0.00 XXX   0 X    0.00 XXX   0 X    0.91 GLU 301 A

ARG 353 A  12.98     1 %   -0.44  283   0.00    0    0.53 C-  379 A    0.00 XXX   0 X    0.38 C-  379 A

N+    1 A   7.91     0 %   -0.09   35   0.00    0    0.00 XXX   0 X    0.00 XXX   0 X    0.00 XXX   0 X

Coupled residues (marked *) were detected.Please rerun PropKa with the --display-coupled-residues 
or -d option for detailed information.

2026-09-08 17:58:43,994 INFO:output.py:227:print_pka_section:pKa summary:
--------------------------------------------------------------------------------------------------------
SUMMARY OF THIS PREDICTION
       Group      pKa  model-pKa   ligand atom-type
   ASP  25 A     3.92       3.80                      
   ASP  39 A     3.83       3.80                      
   ASP  56 A     3.94       3.80                      
   ASP  66 A     4.07       3.80                      
   ASP  80 A     3.10       3.80                      
   ASP  90 A     3.96       3.80                      
   ASP  92 A     4.27       3.80                      
   ASP  99 A     3.17       3.80                      
   ASP 119 A     3.85       3.80                      
   ASP 137 A     4.39       3.80                      
   ASP 146 A     3.60       3.80                      
   ASP 164 A     3.22       3.80                      
   ASP 180 A     3.07       3.80                      
   ASP 224 A     4.71       3.80                      
   ASP 244 A     2.56       3.80                      
   ASP 276 A     3.86       3.80                      
   ASP 285 A     2.82       3.80                      
   GLU  37 A     4.17       4.50                      
   GLU  60 A     4.97       4.50                      
   GLU  82 A     4.78       4.50                      
   GLU  86 A     4.95       4.50                      
   GLU  97 A     4.74       4.50                      
   GLU  98 A     4.20       4.50                      
   GLU 159 A     3.03       4.50                      
   GLU 216 A     4.63       4.50                      
   GLU 299 A     3.97       4.50                      
   GLU 301 A     5.89       4.50                      
   GLU 375 A     4.60       4.50                      
   C-  379 A     2.25       3.20                      
   HIS 100 A     6.58       6.50                      
   HIS 103 A     6.33       6.50                      
   HIS 144 A     5.46       6.50                      
   HIS 168 A     8.25       6.50                      
   HIS 171 A     3.87       6.50                      
   HIS 330 A     3.71       6.50                      
   HIS 342 A     6.29       6.50                      
   TYR  40 A    10.70      10.00                      
   TYR  95 A    10.72      10.00                      
   TYR 111 A    12.18      10.00                      
   TYR 161 A    10.29      10.00                      
   TYR 195 A    10.27      10.00                      
   TYR 208 A    10.58      10.00                      
   TYR 247 A     9.68      10.00                      
   TYR 271 A     9.94      10.00                      
   TYR 275 A    10.76      10.00                      
   TYR 310 A    11.19      10.00                      
   TYR 313 A    10.54      10.00                      
   TYR 318 A    12.47      10.00                      
   TYR 360 A    10.27      10.00                      
   TYR 366 A    10.24      10.00                      
   TYR 367 A    10.40      10.00                      
   LYS   4 A    10.45      10.50                      
   LYS   5 A    10.47      10.50                      
   LYS  34 A    10.46      10.50                      
   LYS  38 A    10.93      10.50                      
   LYS  45 A    10.39      10.50                      
   LYS  49 A    10.44      10.50                      
   LYS  54 A     9.75      10.50                      
   LYS  55 A    11.22      10.50                      
   LYS  59 A     8.96      10.50                      
   LYS  64 A    11.11      10.50                      
   LYS  67 A    10.29      10.50                      
   LYS  76 A    11.64      10.50                      
   LYS  78 A    10.83      10.50                      
   LYS  81 A    10.46      10.50                      
   LYS  85 A    10.50      10.50                      
   LYS  88 A    10.24      10.50                      
   LYS 117 A    10.44      10.50                      
   LYS 120 A    10.95      10.50                      
   LYS 127 A    11.25      10.50                      
   LYS 132 A    10.72      10.50                      
   LYS 198 A    10.36      10.50                      
   LYS 240 A    11.62      10.50                      
   LYS 249 A    10.33      10.50                      
   LYS 274 A    11.05      10.50                      
   LYS 341 A    10.11      10.50                      
   LYS 369 A    10.41      10.50                      
   ARG   3 A    12.47      12.50                      
   ARG  70 A    12.45      12.50                      
   ARG 290 A    11.93      12.50                      
   ARG 351 A    13.59      12.50                      
   ARG 353 A    12.98      12.50                      
   N+    1 A     7.91       8.00                      

2026-09-08 17:58:44,001 INFO:main.py:648:non_trivial:PROPKA information:
--------------------------------------------------------------------------------------------------------
Free energy of   folding (kcal/mol) as a function of pH (using neutral reference)
  0.00     19.54
  1.00     19.48
  2.00     18.94
  3.00     16.34
  4.00     12.32
  5.00     10.59
  6.00      8.96
  7.00      7.84
  8.00      8.32
  9.00      8.72
 10.00     10.68
 11.00     17.79
 12.00     23.65
 13.00     25.97
 14.00     26.93

The pH of optimum stability is  7.0 for which the free energy is    7.8 kcal/mol at 298K
Could not determine pH values where the free energy is within 80 % of minimum
Could not determine the pH-range where the free energy is negative


Protein charge of folded and unfolded state as a function of pH
    pH  unfolded  folded
  0.00     39.00   38.98
  0.10     39.00   38.98
  0.20     38.99   38.98
  0.30     38.99   38.97
  0.40     38.99   38.96
  0.50     38.99   38.95
  0.60     38.99   38.94
  0.70     38.98   38.92
  0.80     38.98   38.90
  0.90     38.97   38.88
  1.00     38.96   38.85
  1.10     38.95   38.81
  1.20     38.94   38.76
  1.30     38.93   38.70
  1.40     38.91   38.63
  1.50     38.88   38.55
  1.60     38.85   38.44
  1.70     38.82   38.31
  1.80     38.77   38.15
  1.90     38.71   37.97
  2.00     38.64   37.75
  2.10     38.55   37.49
  2.20     38.44   37.19
  2.30     38.30   36.85
  2.40     38.13   36.46
  2.50     37.91   36.02
  2.60     37.65   35.52
  2.70     37.34   34.97
  2.80     36.95   34.36
  2.90     36.49   33.69
  3.00     35.95   32.97
  3.10     35.31   32.18
  3.20     34.56   31.34
  3.30     33.70   30.45
  3.40     32.73   29.49
  3.50     31.65   28.49
  3.60     30.47   27.43
  3.70     29.20   26.34
  3.80     27.86   25.20
  3.90     26.47   24.04
  4.00     25.05   22.87
  4.10     23.63   21.69
  4.20     22.22   20.52
  4.30     20.86   19.37
  4.40     19.55   18.25
  4.50     18.31   17.17
  4.60     17.15   16.14
  4.70     16.08   15.16
  4.80     15.10   14.24
  4.90     14.23   13.38
  5.00     13.45   12.59
  5.10     12.76   11.85
  5.20     12.15   11.17
  5.30     11.62   10.55
  5.40     11.13    9.98
  5.50     10.70    9.46
  5.60     10.29    8.98
  5.70      9.90    8.53
  5.80      9.52    8.11
  5.90      9.14    7.71
  6.00      8.75    7.34
  6.10      8.35    6.98
  6.20      7.93    6.64
  6.30      7.49    6.32
  6.40      7.05    6.02
  6.50      6.61    5.73
  6.60      6.17    5.47
  6.70      5.74    5.22
  6.80      5.34    4.99
  6.90      4.96    4.78
  7.00      4.61    4.58
  7.10      4.30    4.40
  7.20      4.02    4.24
  7.30      3.77    4.08
  7.40      3.54    3.92
  7.50      3.34    3.76
  7.60      3.15    3.61
  7.70      2.97    3.45
  7.80      2.81    3.28
  7.90      2.65    3.11
  8.00      2.49    2.93
  8.10      2.33    2.73
  8.20      2.16    2.53
  8.30      1.99    2.32
  8.40      1.80    2.09
  8.50      1.59    1.85
  8.60      1.36    1.59
  8.70      1.09    1.31
  8.80      0.77    1.00
  8.90      0.40    0.65
  9.00     -0.05    0.26
  9.10     -0.58   -0.19
  9.20     -1.22   -0.69
  9.30     -1.98   -1.27
  9.40     -2.88   -1.94
  9.50     -3.93   -2.71
  9.60     -5.15   -3.59
  9.70     -6.55   -4.59
  9.80     -8.12   -5.72
  9.90     -9.86   -6.98
 10.00    -11.75   -8.38
 10.10    -13.77   -9.90
 10.20    -15.89  -11.53
 10.30    -18.08  -13.26
 10.40    -20.27  -15.06
 10.50    -22.44  -16.89
 10.60    -24.54  -18.74
 10.70    -26.52  -20.56
 10.80    -28.36  -22.34
 10.90    -30.04  -24.05
 11.00    -31.54  -25.68
 11.10    -32.87  -27.21
 11.20    -34.02  -28.64
 11.30    -35.02  -29.96
 11.40    -35.89  -31.18
 11.50    -36.63  -32.29
 11.60    -37.28  -33.32
 11.70    -37.85  -34.26
 11.80    -38.36  -35.12
 11.90    -38.82  -35.91
 12.00    -39.26  -36.64
 12.10    -39.67  -37.32
 12.20    -40.07  -37.94
 12.30    -40.45  -38.53
 12.40    -40.83  -39.07
 12.50    -41.20  -39.58
 12.60    -41.54  -40.05
 12.70    -41.87  -40.48
 12.80    -42.18  -40.88
 12.90    -42.45  -41.25
 13.00    -42.70  -41.58
 13.10    -42.92  -41.88
 13.20    -43.11  -42.15
 13.30    -43.27  -42.39
 13.40    -43.40  -42.61
 13.50    -43.51  -42.81
 13.60    -43.61  -42.99
 13.70    -43.68  -43.14
 13.80    -43.75  -43.28
 13.90    -43.80  -43.40
 14.00    -43.84  -43.50
The pI is  9.06 (folded) and  8.99 (unfolded)

--------------------------------------------------------------------------------------------------------
2026-09-08 17:58:44,002 INFO:biomolecule.py:797:apply_pka_values:Applying pKa values at a pH of 4.00:
2026-09-08 17:58:44,005 INFO:main.py:661:non_trivial:Adding hydrogens to biomolecule.
2026-09-08 17:58:44,129 INFO:main.py:664:non_trivial:Debumping biomolecule (again).
2026-09-08 17:58:44,278 INFO:main.py:666:non_trivial:Optimizing hydrogen bonds
2026-09-08 17:58:44,639 INFO:main.py:678:non_trivial:Applying force field to biomolecule states.
2026-09-08 17:58:44,642 INFO:main.py:725:non_trivial:Regenerating headers.
2026-09-08 17:58:44,643 INFO:main.py:750:non_trivial:Regenerating PDB lines.
2026-09-08 17:58:44,656 WARNING:main.py:326:print_pqr:Ignoring 466 header lines in output.
