2026-09-08 18:25:31,403 INFO:main.py:246:print_splash_screen:PDB2PQR v3.7.1: biomolecular structure conversion software.
2026-09-08 18:25:31,404 INFO:main.py:248:print_splash_screen:Please cite:  Jurrus E, et al.  Improvements to the APBS biomolecular solvation software suite.  Protein Sci 27 112-128 (2018).
2026-09-08 18:25:31,404 INFO:main.py:248:print_splash_screen:Please cite:  Dolinsky TJ, et al.  PDB2PQR: expanding and upgrading automated preparation of biomolecular structures for molecular simulations. Nucleic Acids Res 35 W522-W525 (2007).
2026-09-08 18:25:31,404 INFO:main.py:770:main_driver:Checking and transforming input arguments.
2026-09-08 18:25:31,405 INFO:main.py:774:main_driver:Loading topology files.
2026-09-08 18:25:31,428 INFO:main.py:776:main_driver:Loading molecule: /mnt/c/Users/USER/Desktop/schizochytrium-hs6-genomics/results/lysis_enzymes/structures/xylanase2_Tr.pdb
2026-09-08 18:25:31,430 ERROR:pdb.py:2587:read_pdb:Error parsing line: 'PARENT'
2026-09-08 18:25:31,430 ERROR:pdb.py:2588:read_pdb:<PARENT N/A>
2026-09-08 18:25:31,431 ERROR:pdb.py:2589:read_pdb:Truncating remaining errors for record type:PARENT
2026-09-08 18:25:31,436 WARNING:io.py:474:get_molecule:Warning: /mnt/c/Users/USER/Desktop/schizochytrium-hs6-genomics/results/lysis_enzymes/structures/xylanase2_Tr.pdb is a non-standard PDB file.

2026-09-08 18:25:31,437 ERROR:io.py:475:get_molecule:['PARENT']
2026-09-08 18:25:31,437 INFO:main.py:781:main_driver:Setting up molecule.
2026-09-08 18:25:31,440 INFO:main.py:423:setup_molecule:Created biomolecule object with 223 residues and 1706 atoms.
2026-09-08 18:25:31,441 INFO:main.py:785:main_driver:Setting termini states for biomolecule chains.
2026-09-08 18:25:31,443 INFO:main.py:616:non_trivial:Loading forcefield.
2026-09-08 18:25:31,446 INFO:main.py:620:non_trivial:Loading hydrogen topology definitions.
2026-09-08 18:25:31,447 WARNING:biomolecule.py:157:num_missing_heavy:Missing atom OXT in residue SER A 223
2026-09-08 18:25:31,448 WARNING:biomolecule.py:157:num_missing_heavy:Missing atom OXT in residue SER A 223
2026-09-08 18:25:31,448 INFO:main.py:630:non_trivial:Attempting to repair 1 missing atoms in biomolecule.
2026-09-08 18:25:31,449 WARNING:biomolecule.py:157:num_missing_heavy:Missing atom OXT in residue SER A 223
2026-09-08 18:25:31,450 INFO:biomolecule.py:1080:repair_heavy:Added atom OXT to residue SER A 223 at coordinates -11.914, -1.616, 6.983
2026-09-08 18:25:31,451 INFO:main.py:635:non_trivial:Updating disulfide bridges.
2026-09-08 18:25:31,452 INFO:main.py:638:non_trivial:Debumping biomolecule.
2026-09-08 18:25:31,471 INFO:main.py:645:non_trivial:Assigning titration states with PROPKA.
2026-09-08 18:25:31,476 INFO:output.py:74:print_header:
propka3.5.1                                                                                  2026-09-08

-------------------------------------------------------------------------------
--                                                                           --
--  PROPKA: A PROTEIN PKA PREDICTOR                                          --
--                                                                           --
--  VERSION 1.0,  04/25/2004,  IOWA CITY                                     --
--  BY HUI LI                                                                --
--                                                                           --
--  VERSION 2.0,  11/05/2007, IOWA CITY/COPENHAGEN                           --
--  BY DELPHINE C. BAS AND DAVID M. ROGERS                                   --
--                                                                           --
--  VERSION 3.0,  01/06/2011, COPENHAGEN                                     --
--  BY MATS H.M. OLSSON AND CHRESTEN R. SONDERGARD                           --
--                                                                           --
--  VERSION 3.1,  07/01/2011, COPENHAGEN                                     --
--  BY CHRESTEN R. SONDERGARD AND MATS H.M. OLSSON                           --
--                                                                           --
--  VERSION 3.2,  06/17/2020, PLANET EARTH                                   --
--  SEE ABOVE FOR AUTHORS                                                    --
--                                                                           --
-------------------------------------------------------------------------------


-------------------------------------------------------------------------------
References:

Very Fast Empirical Prediction and Rationalization of Protein pKa Values.
Hui Li, Andrew D. Robertson and Jan H. Jensen. PROTEINS: Structure, Function,
and Bioinformatics. 61:704-721 (2005)

Very Fast Prediction and Rationalization of pKa Values for Protein-Ligand
Complexes.  Delphine C. Bas, David M. Rogers and Jan H. Jensen.  PROTEINS:
Structure, Function, and Bioinformatics 73:765-783 (2008)

PROPKA3: Consistent Treatment of Internal and Surface Residues in Empirical
pKa predictions.  Mats H.M. Olsson, Chresten R. Sondergard, Michal Rostkowski,
and Jan H. Jensen.  Journal of Chemical Theory and Computation, 7(2):525-537
(2011)

Improved Treatment of Ligands and Coupling Effects in Empirical Calculation
and Rationalization of pKa Values.  Chresten R. Sondergaard, Mats H.M. Olsson,
Michal Rostkowski, and Jan H. Jensen.  Journal of Chemical Theory and
Computation, (2011)
-------------------------------------------------------------------------------



2026-09-08 18:25:31,507 WARNING:group.py:385:set_interaction_atoms:Missing atoms or failed protonation for GLN 169 A (AMD) -- please check the structure
2026-09-08 18:25:31,508 WARNING:group.py:386:set_interaction_atoms:Group (AMD) for  1287-  CD   169-GLN (A) [   9.697    6.766   -2.611] C
2026-09-08 18:25:31,509 WARNING:group.py:393:set_interaction_atoms:Expected 3 interaction atoms for acids, found:
2026-09-08 18:25:31,509 WARNING:group.py:397:set_interaction_atoms:              1288- NE2   169-GLN (A) [   8.775    6.339   -3.467] N
2026-09-08 18:25:31,509 WARNING:group.py:397:set_interaction_atoms:                 0- HE2   169-GLN (A) [   9.035    5.544   -4.033] H
2026-09-08 18:25:31,510 WARNING:group.py:400:set_interaction_atoms:Expected 1 interaction atoms for bases, found:
2026-09-08 18:25:31,510 WARNING:group.py:404:set_interaction_atoms:              1289- OE1   169-GLN (A) [  10.806    6.232   -2.506] O
2026-09-08 18:25:31,514 INFO:conformation_container.py:124:find_covalently_coupled_groups:Coupling map:

2026-09-08 18:25:31,514 INFO:conformation_container.py:213:calculate_pka:Calculating pKas for Conformation container 1A with 2033 atoms and 560 groups
2026-09-08 18:25:31,574 INFO:output.py:225:print_pka_section:pKa determinants:

---------  -----   ------   ---------------------    --------------    --------------    --------------
                            DESOLVATION  EFFECTS       SIDECHAIN          BACKBONE        COULOMBIC
 RESIDUE    pKa    BURIED     REGULAR      RE        HYDROGEN BOND     HYDROGEN BOND      INTERACTION
---------  -----   ------   ---------   ---------    --------------    --------------    --------------

ASP  53 A   2.16     4 %    0.88  292   0.05    0   -0.48 HIS  55 A   -0.10 ASP  53 A   -0.38 HIS  55 A
ASP  53 A                                            0.00 XXX   0 X   -0.80 HIS  55 A    0.00 XXX   0 X
ASP  53 A                                            0.00 XXX   0 X   -0.81 ASN  77 A    0.00 XXX   0 X

ASP 144 A   4.25    40 %    1.62  393   0.31    0   -0.46 SER 143 A   -0.58 ASN 184 A   -0.17 ARG 174 A
ASP 144 A                                            0.00 XXX   0 X    0.00 XXX   0 X   -0.26 ARG 178 A

ASP 149 A   2.26    20 %    0.95  336   0.09    0   -0.85 LYS 137 A    0.00 XXX   0 X   -0.40 LYS 137 A
ASP 149 A                                           -0.08 TYR 151 A    0.00 XXX   0 X   -0.40 ARG 175 A
ASP 149 A                                           -0.86 ARG 175 A    0.00 XXX   0 X    0.00 XXX   0 X

ASP 203 A   4.06    32 %    0.96  371   0.01    0   -0.35 ARG 114 A    0.00 XXX   0 X   -0.36 ARG 114 A

GLU  24 A   4.55     0 %    0.05   56   0.00    0    0.00 XXX   0 X    0.00 XXX   0 X    0.00 XXX   0 X

GLU  26 A   4.56     0 %    0.06   62   0.00    0    0.00 XXX   0 X    0.00 XXX   0 X    0.00 XXX   0 X

GLU  31 A   4.09     0 %    0.34  238   0.00    0   -0.65 ASN  44 A    0.00 XXX   0 X   -0.09 LYS  82 A

GLU 119 A   7.26   100 %    3.90  580   0.05    0   -0.07 TYR 110 A    0.00 XXX   0 X   -0.27 ARG 155 A
GLU 119 A                                           -0.85 TYR 121 A    0.00 XXX   0 X    0.00 XXX   0 X

GLU 124 A   6.13    93 %    3.57  541   0.55    0   -0.80 TYR 148 A    0.00 XXX   0 X    0.30 ASP 144 A
GLU 124 A                                           -0.75 ARG 178 A    0.00 XXX   0 X   -0.57 ARG 174 A
GLU 124 A                                            0.00 XXX   0 X    0.00 XXX   0 X   -0.69 ARG 178 A

GLU 140 A   4.22     0 %    0.22  218   0.00    0   -0.20 ARG 175 A    0.00 XXX   0 X   -0.14 LYS 137 A
GLU 140 A                                            0.00 XXX   0 X    0.00 XXX   0 X   -0.26 ARG 175 A
GLU 140 A                                            0.00 XXX   0 X    0.00 XXX   0 X    0.12 ASP 149 A

GLU 210 A   8.20   100 %    2.57  628   0.39    0    0.00 XXX   0 X    0.00 XXX   0 X   -0.10 ARG 155 A
GLU 210 A                                            0.00 XXX   0 X    0.00 XXX   0 X    0.83 GLU 119 A

C-  223 A   3.51    29 %    1.13  363   0.00    0    0.00 XXX   0 X   -0.64 ASN  94 A   -0.13 LYS  91 A
C-  223 A                                            0.00 XXX   0 X   -0.05 SER 223 A    0.00 XXX   0 X

HIS  55 A   7.20     0 %   -0.23  181   0.00    0    0.48 ASP  53 A    0.08 ASP  53 A    0.38 ASP  53 A

HIS 177 A   5.16    37 %   -1.31  384   0.00    0    0.00 XXX   0 X    0.00 XXX   0 X   -0.03 ARG 174 A

HIS 188 A   2.97   100 %   -3.44  566   0.00    0    0.00 XXX   0 X    0.00 XXX   0 X   -0.07 ARG 174 A
HIS 188 A                                            0.00 XXX   0 X    0.00 XXX   0 X   -0.02 ARG 178 A

TYR  42 A  10.49     0 %    0.45  273   0.00    0    0.00 XXX   0 X    0.00 XXX   0 X    0.04 ASP 203 A

TYR  46 A  10.87    12 %    0.59  315   0.00    0    0.00 XXX   0 X    0.00 XXX   0 X    0.28 C-  223 A

TYR  48 A  10.59    15 %    0.59  322   0.00    0    0.00 XXX   0 X    0.00 XXX   0 X    0.00 XXX   0 X

TYR  50 A  10.96    39 %    1.71  390   0.00    0   -0.77 ASN  52 A    0.00 XXX   0 X    0.02 ASP  53 A

TYR  60 A  13.78    92 %    3.65  540   0.00    0    0.00 XXX   0 X    0.00 XXX   0 X    0.11 TYR  48 A
TYR  60 A                                            0.00 XXX   0 X    0.00 XXX   0 X    0.03 TYR  50 A

TYR  99 A  13.39    85 %    4.15  519   0.00    0   -0.85 SER 105 A    0.00 XXX   0 X    0.09 GLU 210 A

TYR 106 A  13.53    68 %    2.48  471   0.00    0   -0.02 ASN 104 A    0.00 XXX   0 X   -0.01 ARG 155 A
TYR 106 A                                            0.00 XXX   0 X    0.00 XXX   0 X    0.12 TYR  99 A
TYR 106 A                                            0.00 XXX   0 X    0.00 XXX   0 X    0.30 TYR 129 A
TYR 106 A                                            0.00 XXX   0 X    0.00 XXX   0 X    0.02 TYR 212 A
TYR 106 A                                            0.00 XXX   0 X    0.00 XXX   0 X    0.65 GLU 210 A

TYR 110 A  18.65   100 %    4.01  593   0.00    0   -0.67 TRP 112 A    0.00 XXX   0 X    0.03 ASP 203 A
TYR 110 A                                            0.85 TYR 204 A    0.00 XXX   0 X    0.13 TYR 120 A
TYR 110 A                                            0.07 GLU 119 A    0.00 XXX   0 X    2.03 TYR 204 A
TYR 110 A                                            0.00 XXX   0 X    0.00 XXX   0 X    1.62 GLU 119 A
TYR 110 A                                            0.00 XXX   0 X    0.00 XXX   0 X    0.57 GLU 210 A

TYR 120 A  13.61   100 %    3.98  596   0.00    0   -0.39 GLN 205 A    0.00 XXX   0 X    0.02 ASP 203 A

TYR 121 A  20.62   100 %    3.82  638   0.00    0    0.85 GLU 119 A    0.00 XXX   0 X   -0.20 ARG 155 A
TYR 121 A                                            0.00 XXX   0 X    0.00 XXX   0 X    0.24 TYR 106 A
TYR 121 A                                            0.00 XXX   0 X    0.00 XXX   0 X    1.43 TYR 110 A
TYR 121 A                                            0.00 XXX   0 X    0.00 XXX   0 X    0.41 TYR 204 A
TYR 121 A                                            0.00 XXX   0 X    0.00 XXX   0 X    2.03 GLU 119 A
TYR 121 A                                            0.00 XXX   0 X    0.00 XXX   0 X    2.03 GLU 210 A

TYR 129 A  10.26     4 %    0.44  292   0.00    0   -0.17 THR 133 A    0.00 XXX   0 X   -0.02 ARG 155 A

TYR 148 A  13.75    71 %    3.19  479   0.00    0   -0.62 ARG 174 A    0.00 XXX   0 X    0.43 ASP 144 A
TYR 148 A                                           -0.06 ARG 178 A    0.00 XXX   0 X   -0.65 ARG 174 A
TYR 148 A                                            0.80 GLU 124 A    0.00 XXX   0 X   -0.49 ARG 178 A
TYR 148 A                                            0.00 XXX   0 X    0.00 XXX   0 X    1.15 GLU 124 A

TYR 151 A  10.58    24 %    1.00  348   0.00    0   -0.58 SER 132 A    0.00 XXX   0 X   -0.08 ARG 175 A
TYR 151 A                                            0.08 ASP 149 A    0.00 XXX   0 X   -0.30 LYS 137 A
TYR 151 A                                            0.00 XXX   0 X    0.00 XXX   0 X    0.47 ASP 149 A

TYR 168 A   9.98     0 %    0.22  251   0.00    0    0.00 XXX   0 X    0.00 XXX   0 X   -0.24 ARG 152 A

TYR 170 A  11.85    41 %    1.90  397   0.00    0    0.00 XXX   0 X    0.00 XXX   0 X   -0.21 ARG 152 A
TYR 170 A                                            0.00 XXX   0 X    0.00 XXX   0 X    0.15 TYR 168 A

TYR 204 A  14.34    98 %    4.24  555   0.00    0   -0.02 SER  49 A    0.00 XXX   0 X   -0.02 ARG 114 A
TYR 204 A                                           -0.03 TRP 112 A    0.00 XXX   0 X    0.23 ASP 203 A
TYR 204 A                                           -0.85 TYR 110 A    0.00 XXX   0 X    0.04 GLU 210 A
TYR 204 A                                            0.00 XXX   0 X    0.00 XXX   0 X    0.23 TYR 120 A
TYR 204 A                                            0.00 XXX   0 X    0.00 XXX   0 X    0.53 GLU 119 A

TYR 212 A  10.44     3 %    0.42  289   0.00    0    0.00 XXX   0 X    0.00 XXX   0 X    0.06 ASP  53 A
TYR 212 A                                            0.00 XXX   0 X    0.00 XXX   0 X   -0.07 ARG 155 A
TYR 212 A                                            0.00 XXX   0 X    0.00 XXX   0 X    0.02 GLU 210 A
TYR 212 A                                            0.00 XXX   0 X    0.00 XXX   0 X    0.02 TYR 129 A

LYS  32 A  10.46     0 %   -0.04   83   0.00    0    0.00 XXX   0 X    0.00 XXX   0 X    0.00 XXX   0 X

LYS  82 A   8.05    48 %   -2.54  415   0.00    0    0.00 XXX   0 X    0.00 XXX   0 X    0.09 GLU  31 A
LYS  82 A                                            0.00 XXX   0 X    0.00 XXX   0 X   -0.00 ARG  33 A

LYS  89 A  10.43     0 %   -0.07  132   0.00    0    0.00 XXX   0 X    0.00 XXX   0 X    0.00 XXX   0 X

LYS  91 A  10.08    11 %   -0.48  312   0.00    0    0.00 XXX   0 X    0.00 XXX   0 X    0.13 C-  223 A
LYS  91 A                                            0.00 XXX   0 X    0.00 XXX   0 X   -0.07 LYS  89 A

LYS 137 A  11.54     0 %   -0.41  260   0.00    0    0.85 ASP 149 A    0.00 XXX   0 X    0.14 GLU 140 A
LYS 137 A                                            0.00 XXX   0 X    0.00 XXX   0 X   -0.25 ARG 175 A
LYS 137 A                                            0.00 XXX   0 X    0.00 XXX   0 X    0.30 TYR 151 A
LYS 137 A                                            0.00 XXX   0 X    0.00 XXX   0 X    0.40 ASP 149 A

ARG  33 A  12.34     0 %   -0.16  244   0.00    0    0.00 XXX   0 X    0.00 XXX   0 X    0.00 XXX   0 X

ARG 114 A  12.86     0 %   -0.37  276   0.00    0    0.35 ASP 203 A    0.00 XXX   0 X    0.02 TYR 204 A
ARG 114 A                                            0.00 XXX   0 X    0.00 XXX   0 X    0.36 ASP 203 A

ARG 152 A  12.57     4 %   -0.38  292   0.00    0    0.00 XXX   0 X    0.00 XXX   0 X    0.24 TYR 168 A
ARG 152 A                                            0.00 XXX   0 X    0.00 XXX   0 X    0.21 TYR 170 A

ARG 155 A  12.37    39 %   -0.80  390   0.00    0    0.00 XXX   0 X    0.00 XXX   0 X    0.01 TYR 106 A
ARG 155 A                                            0.00 XXX   0 X    0.00 XXX   0 X    0.27 GLU 119 A
ARG 155 A                                            0.00 XXX   0 X    0.00 XXX   0 X    0.20 TYR 121 A
ARG 155 A                                            0.00 XXX   0 X    0.00 XXX   0 X    0.02 TYR 129 A
ARG 155 A                                            0.00 XXX   0 X    0.00 XXX   0 X    0.10 GLU 210 A
ARG 155 A                                            0.00 XXX   0 X    0.00 XXX   0 X    0.07 TYR 212 A

ARG 174 A  12.54    29 %   -1.46  363   0.00    0    0.62 TYR 148 A    0.00 XXX   0 X    0.17 ASP 144 A
ARG 174 A                                            0.00 XXX   0 X    0.00 XXX   0 X    0.65 TYR 148 A
ARG 174 A                                            0.00 XXX   0 X    0.00 XXX   0 X   -0.51 ARG 178 A
ARG 174 A                                            0.00 XXX   0 X    0.00 XXX   0 X    0.57 GLU 124 A

ARG 175 A  13.91     0 %   -0.39  250   0.00    0    0.20 GLU 140 A    0.00 XXX   0 X    0.26 GLU 140 A
ARG 175 A                                            0.86 ASP 149 A    0.00 XXX   0 X    0.08 TYR 151 A
ARG 175 A                                            0.00 XXX   0 X    0.00 XXX   0 X    0.40 ASP 149 A

ARG 178 A  13.43    32 %   -1.31  372   0.00    0    0.06 TYR 148 A    0.00 XXX   0 X    0.26 ASP 144 A
ARG 178 A                                            0.75 GLU 124 A    0.00 XXX   0 X    0.49 TYR 148 A
ARG 178 A                                            0.00 XXX   0 X    0.00 XXX   0 X    0.69 GLU 124 A

N+    1 A   7.89     0 %   -0.11   30   0.00    0    0.00 XXX   0 X    0.00 XXX   0 X    0.00 XXX   0 X


2026-09-08 18:25:31,575 INFO:output.py:227:print_pka_section:pKa summary:
--------------------------------------------------------------------------------------------------------
SUMMARY OF THIS PREDICTION
       Group      pKa  model-pKa   ligand atom-type
   ASP  53 A     2.16       3.80                      
   ASP 144 A     4.25       3.80                      
   ASP 149 A     2.26       3.80                      
   ASP 203 A     4.06       3.80                      
   GLU  24 A     4.55       4.50                      
   GLU  26 A     4.56       4.50                      
   GLU  31 A     4.09       4.50                      
   GLU 119 A     7.26       4.50                      
   GLU 124 A     6.13       4.50                      
   GLU 140 A     4.22       4.50                      
   GLU 210 A     8.20       4.50                      
   C-  223 A     3.51       3.20                      
   HIS  55 A     7.20       6.50                      
   HIS 177 A     5.16       6.50                      
   HIS 188 A     2.97       6.50                      
   TYR  42 A    10.49      10.00                      
   TYR  46 A    10.87      10.00                      
   TYR  48 A    10.59      10.00                      
   TYR  50 A    10.96      10.00                      
   TYR  60 A    13.78      10.00                      
   TYR  99 A    13.39      10.00                      
   TYR 106 A    13.53      10.00                      
   TYR 110 A    18.65      10.00                      
   TYR 120 A    13.61      10.00                      
   TYR 121 A    20.62      10.00                      
   TYR 129 A    10.26      10.00                      
   TYR 148 A    13.75      10.00                      
   TYR 151 A    10.58      10.00                      
   TYR 168 A     9.98      10.00                      
   TYR 170 A    11.85      10.00                      
   TYR 204 A    14.34      10.00                      
   TYR 212 A    10.44      10.00                      
   LYS  32 A    10.46      10.50                      
   LYS  82 A     8.05      10.50                      
   LYS  89 A    10.43      10.50                      
   LYS  91 A    10.08      10.50                      
   LYS 137 A    11.54      10.50                      
   ARG  33 A    12.34      12.50                      
   ARG 114 A    12.86      12.50                      
   ARG 152 A    12.57      12.50                      
   ARG 155 A    12.37      12.50                      
   ARG 174 A    12.54      12.50                      
   ARG 175 A    13.91      12.50                      
   ARG 178 A    13.43      12.50                      
   N+    1 A     7.89       8.00                      

2026-09-08 18:25:31,579 INFO:main.py:648:non_trivial:PROPKA information:
--------------------------------------------------------------------------------------------------------
Free energy of   folding (kcal/mol) as a function of pH (using neutral reference)
  0.00     13.85
  1.00     13.79
  2.00     13.28
  3.00     11.51
  4.00      9.65
  5.00      9.70
  6.00     11.07
  7.00     12.99
  8.00     14.41
  9.00     14.67
 10.00     18.26
 11.00     29.53
 12.00     42.35
 13.00     54.31
 14.00     63.44

The pH of optimum stability is  4.5 for which the free energy is    9.4 kcal/mol at 298K
Could not determine pH values where the free energy is within 80 % of minimum
Could not determine the pH-range where the free energy is negative


Protein charge of folded and unfolded state as a function of pH
    pH  unfolded  folded
  0.00     16.00   15.99
  0.10     16.00   15.98
  0.20     16.00   15.98
  0.30     16.00   15.97
  0.40     16.00   15.97
  0.50     16.00   15.96
  0.60     15.99   15.95
  0.70     15.99   15.93
  0.80     15.99   15.91
  0.90     15.99   15.89
  1.00     15.99   15.87
  1.10     15.98   15.83
  1.20     15.98   15.79
  1.30     15.97   15.75
  1.40     15.96   15.69
  1.50     15.95   15.62
  1.60     15.94   15.54
  1.70     15.93   15.44
  1.80     15.91   15.34
  1.90     15.88   15.21
  2.00     15.86   15.08
  2.10     15.82   14.93
  2.20     15.78   14.77
  2.30     15.72   14.60
  2.40     15.65   14.42
  2.50     15.57   14.23
  2.60     15.47   14.04
  2.70     15.36   13.84
  2.80     15.21   13.63
  2.90     15.05   13.42
  3.00     14.85   13.20
  3.10     14.62   12.97
  3.20     14.36   12.73
  3.30     14.06   12.47
  3.40     13.73   12.20
  3.50     13.36   11.92
  3.60     12.95   11.61
  3.70     12.51   11.29
  3.80     12.03   10.94
  3.90     11.52   10.58
  4.00     10.99   10.21
  4.10     10.44    9.82
  4.20      9.88    9.42
  4.30      9.31    9.02
  4.40      8.74    8.63
  4.50      8.18    8.24
  4.60      7.65    7.87
  4.70      7.14    7.52
  4.80      6.67    7.18
  4.90      6.23    6.87
  5.00      5.84    6.59
  5.10      5.49    6.32
  5.20      5.18    6.08
  5.30      4.91    5.86
  5.40      4.66    5.66
  5.50      4.44    5.47
  5.60      4.24    5.30
  5.70      4.05    5.14
  5.80      3.87    4.98
  5.90      3.69    4.84
  6.00      3.51    4.69
  6.10      3.32    4.55
  6.20      3.13    4.41
  6.30      2.94    4.27
  6.40      2.74    4.13
  6.50      2.54    3.99
  6.60      2.34    3.83
  6.70      2.15    3.68
  6.80      1.97    3.51
  6.90      1.80    3.33
  7.00      1.64    3.15
  7.10      1.49    2.95
  7.20      1.35    2.74
  7.30      1.22    2.52
  7.40      1.10    2.29
  7.50      0.98    2.06
  7.60      0.87    1.82
  7.70      0.76    1.58
  7.80      0.64    1.33
  7.90      0.53    1.08
  8.00      0.41    0.84
  8.10      0.29    0.60
  8.20      0.16    0.38
  8.30      0.02    0.16
  8.40     -0.13   -0.05
  8.50     -0.30   -0.24
  8.60     -0.49   -0.43
  8.70     -0.70   -0.60
  8.80     -0.96   -0.77
  8.90     -1.25   -0.93
  9.00     -1.60   -1.09
  9.10     -2.01   -1.27
  9.20     -2.50   -1.45
  9.30     -3.08   -1.65
  9.40     -3.74   -1.88
  9.50     -4.51   -2.13
  9.60     -5.38   -2.42
  9.70     -6.35   -2.75
  9.80     -7.41   -3.13
  9.90     -8.53   -3.55
 10.00     -9.71   -4.01
 10.10    -10.92   -4.52
 10.20    -12.12   -5.06
 10.30    -13.30   -5.64
 10.40    -14.42   -6.24
 10.50    -15.48   -6.86
 10.60    -16.46   -7.48
 10.70    -17.34   -8.09
 10.80    -18.14   -8.69
 10.90    -18.85   -9.27
 11.00    -19.47   -9.82
 11.10    -20.01  -10.34
 11.20    -20.49  -10.84
 11.30    -20.92  -11.32
 11.40    -21.30  -11.77
 11.50    -21.66  -12.21
 11.60    -22.00  -12.63
 11.70    -22.33  -13.05
 11.80    -22.66  -13.47
 11.90    -23.00  -13.88
 12.00    -23.36  -14.30
 12.10    -23.74  -14.73
 12.20    -24.13  -15.17
 12.30    -24.55  -15.62
 12.40    -24.97  -16.07
 12.50    -25.40  -16.54
 12.60    -25.82  -17.01
 12.70    -26.23  -17.49
 12.80    -26.61  -17.98
 12.90    -26.97  -18.48
 13.00    -27.29  -18.98
 13.10    -27.57  -19.48
 13.20    -27.81  -20.00
 13.30    -28.03  -20.52
 13.40    -28.20  -21.04
 13.50    -28.35  -21.56
 13.60    -28.48  -22.08
 13.70    -28.58  -22.58
 13.80    -28.66  -23.07
 13.90    -28.73  -23.54
 14.00    -28.78  -23.98
The pI is  8.38 (folded) and  8.31 (unfolded)

--------------------------------------------------------------------------------------------------------
2026-09-08 18:25:31,580 INFO:biomolecule.py:797:apply_pka_values:Applying pKa values at a pH of 9.00:
2026-09-08 18:25:31,580 INFO:main.py:661:non_trivial:Adding hydrogens to biomolecule.
2026-09-08 18:25:31,657 INFO:main.py:664:non_trivial:Debumping biomolecule (again).
2026-09-08 18:25:31,741 INFO:main.py:666:non_trivial:Optimizing hydrogen bonds
2026-09-08 18:25:31,977 INFO:main.py:678:non_trivial:Applying force field to biomolecule states.
2026-09-08 18:25:31,979 INFO:main.py:725:non_trivial:Regenerating headers.
2026-09-08 18:25:31,980 INFO:main.py:750:non_trivial:Regenerating PDB lines.
2026-09-08 18:25:32,021 WARNING:main.py:326:print_pqr:Ignoring 465 header lines in output.
